Archive member included because of file (symbol)

C:\Users\lhk\AppData\Local\arduino15\packages\Intel\hardware\arc32\1.0.4\variants\arduino_101\libarc32drv_arduino101.a(c_init.o)
                              (--whole-archive)
C:\Users\lhk\AppData\Local\arduino15\packages\Intel\hardware\arc32\1.0.4\variants\arduino_101\libarc32drv_arduino101.a(interrupt.o)
                              (--whole-archive)
C:\Users\lhk\AppData\Local\arduino15\packages\Intel\hardware\arc32\1.0.4\variants\arduino_101\libarc32drv_arduino101.a(version.o)
                              (--whole-archive)
C:\Users\lhk\AppData\Local\arduino15\packages\Intel\hardware\arc32\1.0.4\variants\arduino_101\libarc32drv_arduino101.a(arcv2_timer0.o)
                              (--whole-archive)
C:\Users\lhk\AppData\Local\arduino15\packages\Intel\hardware\arc32\1.0.4\variants\arduino_101\libarc32drv_arduino101.a(ipc_uart_ns16550.o)
                              (--whole-archive)
C:\Users\lhk\AppData\Local\arduino15\packages\Intel\hardware\arc32\1.0.4\variants\arduino_101\libarc32drv_arduino101.a(ns16550.o)
                              (--whole-archive)
C:\Users\lhk\AppData\Local\arduino15\packages\Intel\hardware\arc32\1.0.4\variants\arduino_101\libarc32drv_arduino101.a(soc_gpio.o)
                              (--whole-archive)
C:\Users\lhk\AppData\Local\arduino15\packages\Intel\hardware\arc32\1.0.4\variants\arduino_101\libarc32drv_arduino101.a(ss_dw_i2c.o)
                              (--whole-archive)
C:\Users\lhk\AppData\Local\arduino15\packages\Intel\hardware\arc32\1.0.4\variants\arduino_101\libarc32drv_arduino101.a(ss_gpio_iface.o)
                              (--whole-archive)
C:\Users\lhk\AppData\Local\arduino15\packages\Intel\hardware\arc32\1.0.4\variants\arduino_101\libarc32drv_arduino101.a(ss_i2c_iface.o)
                              (--whole-archive)
C:\Users\lhk\AppData\Local\arduino15\packages\Intel\hardware\arc32\1.0.4\variants\arduino_101\libarc32drv_arduino101.a(cfw_platform.o)
                              (--whole-archive)
C:\Users\lhk\AppData\Local\arduino15\packages\Intel\hardware\arc32\1.0.4\variants\arduino_101\libarc32drv_arduino101.a(nordic_interface.o)
                              (--whole-archive)
C:\Users\lhk\AppData\Local\arduino15\packages\Intel\hardware\arc32\1.0.4\variants\arduino_101\libarc32drv_arduino101.a(ble_service_gap_api.o)
                              (--whole-archive)
C:\Users\lhk\AppData\Local\arduino15\packages\Intel\hardware\arc32\1.0.4\variants\arduino_101\libarc32drv_arduino101.a(ble_service_gatts_api.o)
                              (--whole-archive)
C:\Users\lhk\AppData\Local\arduino15\packages\Intel\hardware\arc32\1.0.4\variants\arduino_101\libarc32drv_arduino101.a(ble_service_utils.o)
                              (--whole-archive)
C:\Users\lhk\AppData\Local\arduino15\packages\Intel\hardware\arc32\1.0.4\variants\arduino_101\libarc32drv_arduino101.a(cfw_debug.o)
                              (--whole-archive)
C:\Users\lhk\AppData\Local\arduino15\packages\Intel\hardware\arc32\1.0.4\variants\arduino_101\libarc32drv_arduino101.a(client_api.o)
                              (--whole-archive)
C:\Users\lhk\AppData\Local\arduino15\packages\Intel\hardware\arc32\1.0.4\variants\arduino_101\libarc32drv_arduino101.a(service_api.o)
                              (--whole-archive)
C:\Users\lhk\AppData\Local\arduino15\packages\Intel\hardware\arc32\1.0.4\variants\arduino_101\libarc32drv_arduino101.a(service_manager.o)
                              (--whole-archive)
C:\Users\lhk\AppData\Local\arduino15\packages\Intel\hardware\arc32\1.0.4\variants\arduino_101\libarc32drv_arduino101.a(factory_data.o)
                              (--whole-archive)
C:\Users\lhk\AppData\Local\arduino15\packages\Intel\hardware\arc32\1.0.4\variants\arduino_101\libarc32drv_arduino101.a(ipc.o)
                              (--whole-archive)
C:\Users\lhk\AppData\Local\arduino15\packages\Intel\hardware\arc32\1.0.4\variants\arduino_101\libarc32drv_arduino101.a(ipc_callback.o)
                              (--whole-archive)
C:\Users\lhk\AppData\Local\arduino15\packages\Intel\hardware\arc32\1.0.4\variants\arduino_101\libarc32drv_arduino101.a(log.o)
                              (--whole-archive)
C:\Users\lhk\AppData\Local\arduino15\packages\Intel\hardware\arc32\1.0.4\variants\arduino_101\libarc32drv_arduino101.a(log_impl_printk.o)
                              (--whole-archive)
C:\Users\lhk\AppData\Local\arduino15\packages\Intel\hardware\arc32\1.0.4\variants\arduino_101\libarc32drv_arduino101.a(port.o)
                              (--whole-archive)
C:\Users\lhk\AppData\Local\arduino15\packages\Intel\hardware\arc32\1.0.4\variants\arduino_101\libarc32drv_arduino101.a(uptime.o)
                              (--whole-archive)
C:\Users\lhk\AppData\Local\arduino15\packages\Intel\hardware\arc32\1.0.4\variants\arduino_101\libarc32drv_arduino101.a(list.o)
                              (--whole-archive)
[...]
Memory Configuration

Name             Origin             Length             Attributes
FLASH            0x40034000         0x00026000         xr
SRAM             0xa800e000         0x00006000         xw
DCCM             0x80000000         0x00002000         xw
*default*        0x00000000         0xffffffff

Linker script and memory map

LOAD C:\Users\lhk\AppData\Local\arduino15\packages\Intel\hardware\arc32\1.0.4\variants\arduino_101\libarc32drv_arduino101.a
START GROUP
LOAD C:\Users\lhk\AppData\Local\arduino15\packages\Intel\hardware\arc32\1.0.4\variants\arduino_101\libarc32drv_arduino101.a
LOAD c:/users/lhk/appdata/local/arduino15/packages/intel/tools/arc-elf32/1.6.4+1.0/bin/../lib/gcc/arc-elf32/4.8.3/../../../../arc-elf32/lib\libc.a
LOAD c:/users/lhk/appdata/local/arduino15/packages/intel/tools/arc-elf32/1.6.4+1.0/bin/../lib/gcc/arc-elf32/4.8.3/../../../../arc-elf32/lib\libm.a
LOAD c:/users/lhk/appdata/local/arduino15/packages/intel/tools/arc-elf32/1.6.4+1.0/bin/../lib/gcc/arc-elf32/4.8.3\libgcc.a
LOAD C:\Users\lhk\AppData\Local\V.Micro\Arduino\Builds\Blink1\Intel_intel_arc32_arduino_101\Blink1.cpp.o
LOAD C:\Users\lhk\AppData\Local\V.Micro\Arduino\Builds\Blink1\Intel_intel_arc32_arduino_101\VM_DBG\VM_DBG.cpp.o
LOAD C:\Users\lhk\AppData\Local\V.Micro\Arduino\Builds\Blink1\Intel_intel_arc32_arduino_101/core.a
                0x00000800                __stack_size = 0x800
                0x00000200                __firq_stack_size = 0x200
                0x00002000                __HEAP_SIZE_MIN = 0x2000
                0x00001000                __PAGE_SIZE = 0x1000

text            0x40034000     0x3d9c
                0x40034000                __text_start = .
 *(.int_vector_table)
 .int_vector_table
                0x40034000      0x110 C:\Users\lhk\AppData\Local\arduino15\packages\Intel\hardware\arc32\1.0.4\variants\arduino_101\libarc32drv_arduino101.a(init.o)
 *(.int_vector_table.*)
 *(.version_header)
 .version_header
                0x40034110       0x30 C:\Users\lhk\AppData\Local\arduino15\packages\Intel\hardware\arc32\1.0.4\variants\arduino_101\libarc32drv_arduino101.a(version.o)
                0x40034110                version_header
 *(.version_header*)
 *(.text)
 .text          0x40034140       0x70 C:\Users\lhk\AppData\Local\arduino15\packages\Intel\hardware\arc32\1.0.4\variants\arduino_101\libarc32drv_arduino101.a(init.o)
                0x40034168                _do_fault
                0x40034184                _do_isr
 .text          0x400341b0       0x5c c:/users/lhk/appdata/local/arduino15/packages/intel/tools/arc-elf32/1.6.4+1.0/bin/../lib/gcc/arc-elf32/4.8.3/../../../../arc-elf32/lib\libc.a(lib_a-malloc.o)
                0x400341b0                malloc
                0x400341e0                free
 .text          0x4003420c      0xbdc c:/users/lhk/appdata/local/arduino15/packages/intel/tools/arc-elf32/1.6.4+1.0/bin/../lib/gcc/arc-elf32/4.8.3/../../../../arc-elf32/lib\libc.a(lib_a-mallocr.o)
                0x40034508                _malloc_r
 .text          0x40034de8       0x80 c:/users/lhk/appdata/local/arduino15/packages/intel/tools/arc-elf32/1.6.4+1.0/bin/../lib/gcc/arc-elf32/4.8.3/../../../../arc-elf32/lib\libc.a(lib_a-memcpy-700.o)
                0x40034de8                memcpy
 .text          0x40034e68       0x6c c:/users/lhk/appdata/local/arduino15/packages/intel/tools/arc-elf32/1.6.4+1.0/bin/../lib/gcc/arc-elf32/4.8.3/../../../../arc-elf32/lib\libc.a(lib_a-memset.o)
                0x40034e68                memset
                0x40034ebc                __strncpy_bzero
 .text          0x40034ed4       0x28 c:/users/lhk/appdata/local/arduino15/packages/intel/tools/arc-elf32/1.6.4+1.0/bin/../lib/gcc/arc-elf32/4.8.3/../../../../arc-elf32/lib\libc.a(lib_a-mlock.o)
                0x40034ed4                __malloc_lock
                0x40034ee8                __malloc_unlock
 .text          0x40034efc       0x94 c:/users/lhk/appdata/local/arduino15/packages/intel/tools/arc-elf32/1.6.4+1.0/bin/../lib/gcc/arc-elf32/4.8.3/../../../../arc-elf32/lib\libc.a(lib_a-sbrk.o)
                0x40034efc                _sbrk_r
 .text          0x40034f90       0x88 c:/users/lhk/appdata/local/arduino15/packages/intel/tools/arc-elf32/1.6.4+1.0/bin/../lib/gcc/arc-elf32/4.8.3/../../../../arc-elf32/lib\libc.a(lib_a-strlen.o)
                0x40034f90                strlen
 .text          0x40035018      0x5ac c:/users/lhk/appdata/local/arduino15/packages/intel/tools/arc-elf32/1.6.4+1.0/bin/../lib/gcc/arc-elf32/4.8.3/../../../../arc-elf32/lib\libc.a(lib_a-freer.o)
                0x40035018                _free_r
                0x40035454                _malloc_trim_r
 .text          0x400355c4        0x4 c:/users/lhk/appdata/local/arduino15/packages/intel/tools/arc-elf32/1.6.4+1.0/bin/../lib/gcc/arc-elf32/4.8.3\libgcc.a(_udivsi3.o)
                0x400355c4                __udivsi3
 .text          0x400355c8       0x10 c:/users/lhk/appdata/local/arduino15/packages/intel/tools/arc-elf32/1.6.4+1.0/bin/../lib/gcc/arc-elf32/4.8.3\libgcc.a(_umodsi3.o)
                0x400355c8                __umodsi3
 .text          0x400355d8       0x70 c:/users/lhk/appdata/local/arduino15/packages/intel/tools/arc-elf32/1.6.4+1.0/bin/../lib/gcc/arc-elf32/4.8.3\libgcc.a(_divmod_tools.o)
                0x400355d8                __udivmodsi4
 .text          0x40035648       0x30 c:/users/lhk/appdata/local/arduino15/packages/intel/tools/arc-elf32/1.6.4+1.0/bin/../lib/gcc/arc-elf32/4.8.3\libgcc.a(_millicodethunk_st.o)
                0x40035648                __st_r13_to_r25
                0x4003564c                __st_r13_to_r24
                0x40035650                __st_r13_to_r23
                0x40035654                __st_r13_to_r22
                0x40035658                __st_r13_to_r21
                0x4003565c                __st_r13_to_r20
                0x40035660                __st_r13_to_r19
                0x40035664                __st_r13_to_r18
                0x40035668                __st_r13_to_r17
                0x4003566c                __st_r13_to_r16
                0x40035670                __st_r13_to_r15
 .text          0x40035678       0x30 c:/users/lhk/appdata/local/arduino15/packages/intel/tools/arc-elf32/1.6.4+1.0/bin/../lib/gcc/arc-elf32/4.8.3\libgcc.a(_millicodethunk_ld.o)
                0x40035678                __ld_r13_to_r25
                0x4003567c                __ld_r13_to_r24
                0x40035680                __ld_r13_to_r23
                0x40035684                __ld_r13_to_r22
                0x40035688                __ld_r13_to_r21
                0x4003568c                __ld_r13_to_r20
                0x40035690                __ld_r13_to_r19
                0x40035694                __ld_r13_to_r18
                0x40035698                __ld_r13_to_r17
                0x4003569c                __ld_r13_to_r16
                0x400356a0                __ld_r13_to_r15
 .text          0x400356a8       0x3c c:/users/lhk/appdata/local/arduino15/packages/intel/tools/arc-elf32/1.6.4+1.0/bin/../lib/gcc/arc-elf32/4.8.3\libgcc.a(_millicodethunk_ret.o)
                0x400356a8                __ld_r13_to_r25_ret
                0x400356ac                __ld_r13_to_r24_ret
                0x400356b0                __ld_r13_to_r23_ret
                0x400356b4                __ld_r13_to_r22_ret
                0x400356b8                __ld_r13_to_r21_ret
                0x400356bc                __ld_r13_to_r20_ret
                0x400356c0                __ld_r13_to_r19_ret
                0x400356c4                __ld_r13_to_r18_ret
                0x400356c8                __ld_r13_to_r17_ret
                0x400356cc                __ld_r13_to_r16_ret
                0x400356d0                __ld_r13_to_r15_ret
                0x400356d4                __ld_r13_to_r14_ret
 .text          0x400356e4      0x4a0 c:/users/lhk/appdata/local/arduino15/packages/intel/tools/arc-elf32/1.6.4+1.0/bin/../lib/gcc/arc-elf32/4.8.3\libgcc.a(_udivdi3.o)
                0x400356e4                __udivdi3
 *(.text.*)
 .text._main    0x40035b84       0x70 C:\Users\lhk\AppData\Local\arduino15\packages\Intel\hardware\arc32\1.0.4\variants\arduino_101\libarc32drv_arduino101.a(c_init.o)
                0x40035b84                _main
 .text.interrupt_connect
                0x40035bf4       0x20 C:\Users\lhk\AppData\Local\arduino15\packages\Intel\hardware\arc32\1.0.4\variants\arduino_101\libarc32drv_arduino101.a(interrupt.o)
                0x40035bf4                interrupt_connect
 .text.interrupt_enable
                0x40035c14       0x28 C:\Users\lhk\AppData\Local\arduino15\packages\Intel\hardware\arc32\1.0.4\variants\arduino_101\libarc32drv_arduino101.a(interrupt.o)
                0x40035c14                interrupt_enable
 .text.interrupt_unit_device_init
                0x40035c3c       0x50 C:\Users\lhk\AppData\Local\arduino15\packages\Intel\hardware\arc32\1.0.4\variants\arduino_101\libarc32drv_arduino101.a(interrupt.o)
                0x40035c3c                interrupt_unit_device_init
 .text._arcv2_timer0_int_handler
                0x40035c8c       0x20 C:\Users\lhk\AppData\Local\arduino15\packages\Intel\hardware\arc32\1.0.4\variants\arduino_101\libarc32drv_arduino101.a(arcv2_timer0.o)
                0x40035c8c                _arcv2_timer0_int_handler
 .text.timer0_driver_init
                0x40035cac       0x40 C:\Users\lhk\AppData\Local\arduino15\packages\Intel\hardware\arc32\1.0.4\variants\arduino_101\libarc32drv_arduino101.a(arcv2_timer0.o)
                0x40035cac                timer0_driver_init
 .text.uart_ipc_get_channel
                0x40035cec       0x14 C:\Users\lhk\AppData\Local\arduino15\packages\Intel\hardware\arc32\1.0.4\variants\arduino_101\libarc32drv_arduino101.a(ipc_uart_ns16550.o)
                0x40035cec                uart_ipc_get_channel
 .text.uart_ipc_send_message
                0x40035d00       0x8c C:\Users\lhk\AppData\Local\arduino15\packages\Intel\hardware\arc32\1.0.4\variants\arduino_101\libarc32drv_arduino101.a(ipc_uart_ns16550.o)
                0x40035d00                uart_ipc_send_message
 .text.uart_init
                0x40035d8c       0xa0 C:\Users\lhk\AppData\Local\arduino15\packages\Intel\hardware\arc32\1.0.4\variants\arduino_101\libarc32drv_arduino101.a(ns16550.o)
                0x40035d8c                uart_init
 .text.uart_poll_in
                0x40035e2c       0x28 C:\Users\lhk\AppData\Local\arduino15\packages\Intel\hardware\arc32\1.0.4\variants\arduino_101\libarc32drv_arduino101.a(ns16550.o)
                0x40035e2c                uart_poll_in
 .text.uart_poll_out
                0x40035e54       0x28 C:\Users\lhk\AppData\Local\arduino15\packages\Intel\hardware\arc32\1.0.4\variants\arduino_101\libarc32drv_arduino101.a(ns16550.o)
                0x40035e54                uart_poll_out
 .text.uart_fifo_read
                0x40035e7c       0x4c C:\Users\lhk\AppData\Local\arduino15\packages\Intel\hardware\arc32\1.0.4\variants\arduino_101\libarc32drv_arduino101.a(ns16550.o)
                0x40035e7c                uart_fifo_read
 .text.uart_irq_tx_enable
                0x40035ec8       0x20 C:\Users\lhk\AppData\Local\arduino15\packages\Intel\hardware\arc32\1.0.4\variants\arduino_101\libarc32drv_arduino101.a(ns16550.o)
                0x40035ec8                uart_irq_tx_enable
 .text.uart_irq_tx_disable
                0x40035ee8       0x20 C:\Users\lhk\AppData\Local\arduino15\packages\Intel\hardware\arc32\1.0.4\variants\arduino_101\libarc32drv_arduino101.a(ns16550.o)
                0x40035ee8                uart_irq_tx_disable
 .text.uart_irq_tx_ready
                0x40035f08       0x20 C:\Users\lhk\AppData\Local\arduino15\packages\Intel\hardware\arc32\1.0.4\variants\arduino_101\libarc32drv_arduino101.a(ns16550.o)
                0x40035f08                uart_irq_tx_ready
 .text.uart_irq_rx_enable
                0x40035f28       0x20 C:\Users\lhk\AppData\Local\arduino15\packages\Intel\hardware\arc32\1.0.4\variants\arduino_101\libarc32drv_arduino101.a(ns16550.o)
                0x40035f28                uart_irq_rx_enable
 .text.uart_irq_rx_disable
                0x40035f48       0x20 C:\Users\lhk\AppData\Local\arduino15\packages\Intel\hardware\arc32\1.0.4\variants\arduino_101\libarc32drv_arduino101.a(ns16550.o)
                0x40035f48                uart_irq_rx_disable
 .text.uart_irq_rx_ready
                0x40035f68       0x20 C:\Users\lhk\AppData\Local\arduino15\packages\Intel\hardware\arc32\1.0.4\variants\arduino_101\libarc32drv_arduino101.a(ns16550.o)
                0x40035f68                uart_irq_rx_ready
 .text.uart_int_connect
                0x40035f88       0x4c C:\Users\lhk\AppData\Local\arduino15\packages\Intel\hardware\arc32\1.0.4\variants\arduino_101\libarc32drv_arduino101.a(ns16550.o)
                0x40035f88                uart_int_connect
 .text.free_message_ipc
                0x40035fd4       0x18 C:\Users\lhk\AppData\Local\arduino15\packages\Intel\hardware\arc32\1.0.4\variants\arduino_101\libarc32drv_arduino101.a(cfw_platform.o)
 .text.send_message_ipc
                0x40035fec       0x18 C:\Users\lhk\AppData\Local\arduino15\packages\Intel\hardware\arc32\1.0.4\variants\arduino_101\libarc32drv_arduino101.a(cfw_platform.o)
 .text.ipc_mbx_isr
                0x40036004       0x30 C:\Users\lhk\AppData\Local\arduino15\packages\Intel\hardware\arc32\1.0.4\variants\arduino_101\libarc32drv_arduino101.a(cfw_platform.o)
 .text.cfw_platform_init
                0x40036034       0xb0 C:\Users\lhk\AppData\Local\arduino15\packages\Intel\hardware\arc32\1.0.4\variants\arduino_101\libarc32drv_arduino101.a(cfw_platform.o)
                0x40036034                cfw_platform_init
 .text.send_message_ipc_uart
                0x400360e4       0x34 C:\Users\lhk\AppData\Local\arduino15\packages\Intel\hardware\arc32\1.0.4\variants\arduino_101\libarc32drv_arduino101.a(nordic_interface.o)
                0x400360e4                send_message_ipc_uart
 .text.free_message_ipc_uart
                0x40036118       0x10 C:\Users\lhk\AppData\Local\arduino15\packages\Intel\hardware\arc32\1.0.4\variants\arduino_101\libarc32drv_arduino101.a(nordic_interface.o)
                0x40036118                free_message_ipc_uart
 .text.cfw_alloc_message
                0x40036128       0x10 C:\Users\lhk\AppData\Local\arduino15\packages\Intel\hardware\arc32\1.0.4\variants\arduino_101\libarc32drv_arduino101.a(client_api.o)
                0x40036128                cfw_alloc_message
 .text.cfw_alloc_rsp_msg
                0x40036138       0x50 C:\Users\lhk\AppData\Local\arduino15\packages\Intel\hardware\arc32\1.0.4\variants\arduino_101\libarc32drv_arduino101.a(service_api.o)
                0x40036138                cfw_alloc_rsp_msg
 .text._cfw_send_message
                0x40036188       0x10 C:\Users\lhk\AppData\Local\arduino15\packages\Intel\hardware\arc32\1.0.4\variants\arduino_101\libarc32drv_arduino101.a(service_api.o)
                0x40036188                _cfw_send_message
 .text.cfw_msg_free
                0x40036198       0x10 C:\Users\lhk\AppData\Local\arduino15\packages\Intel\hardware\arc32\1.0.4\variants\arduino_101\libarc32drv_arduino101.a(service_api.o)
                0x40036198                cfw_msg_free
 .text.send_service_avail_evt
                0x400361a8       0x54 C:\Users\lhk\AppData\Local\arduino15\packages\Intel\hardware\arc32\1.0.4\variants\arduino_101\libarc32drv_arduino101.a(service_manager.o)
 .text.notify_service_avail_cb
                0x400361fc       0x38 C:\Users\lhk\AppData\Local\arduino15\packages\Intel\hardware\arc32\1.0.4\variants\arduino_101\libarc32drv_arduino101.a(service_manager.o)
                0x400361fc                notify_service_avail_cb
 .text.add_service_avail_listener
                0x40036234       0x3c C:\Users\lhk\AppData\Local\arduino15\packages\Intel\hardware\arc32\1.0.4\variants\arduino_101\libarc32drv_arduino101.a(service_manager.o)
                0x40036234                add_service_avail_listener
 .text.notify_service_avail
                0x40036270       0x2c C:\Users\lhk\AppData\Local\arduino15\packages\Intel\hardware\arc32\1.0.4\variants\arduino_101\libarc32drv_arduino101.a(service_manager.o)
                0x40036270                notify_service_avail
 .text.get_event_registered_list
                0x4003629c       0x28 C:\Users\lhk\AppData\Local\arduino15\packages\Intel\hardware\arc32\1.0.4\variants\arduino_101\libarc32drv_arduino101.a(service_manager.o)
                0x4003629c                get_event_registered_list
 .text._cfw_register_event
                0x400362c4       0x5c C:\Users\lhk\AppData\Local\arduino15\packages\Intel\hardware\arc32\1.0.4\variants\arduino_101\libarc32drv_arduino101.a(service_manager.o)
                0x400362c4                _cfw_register_event
 .text._find_service
                0x40036320       0x30 C:\Users\lhk\AppData\Local\arduino15\packages\Intel\hardware\arc32\1.0.4\variants\arduino_101\libarc32drv_arduino101.a(service_manager.o)
                0x40036320                _find_service
 .text.cfw_get_service
                0x40036350       0x28 C:\Users\lhk\AppData\Local\arduino15\packages\Intel\hardware\arc32\1.0.4\variants\arduino_101\libarc32drv_arduino101.a(service_manager.o)
                0x40036350                cfw_get_service
 .text.internal_handle_message
                0x40036378      0x20c C:\Users\lhk\AppData\Local\arduino15\packages\Intel\hardware\arc32\1.0.4\variants\arduino_101\libarc32drv_arduino101.a(service_manager.o)
                0x40036378                internal_handle_message
 .text.cfw_get_service_mgr_port_id
                0x40036584       0x14 C:\Users\lhk\AppData\Local\arduino15\packages\Intel\hardware\arc32\1.0.4\variants\arduino_101\libarc32drv_arduino101.a(service_manager.o)
                0x40036584                cfw_get_service_mgr_port_id
 .text._cfw_init
                0x40036598       0x34 C:\Users\lhk\AppData\Local\arduino15\packages\Intel\hardware\arc32\1.0.4\variants\arduino_101\libarc32drv_arduino101.a(service_manager.o)
                0x40036598                _cfw_init
 .text._add_service
                0x400365cc       0x48 C:\Users\lhk\AppData\Local\arduino15\packages\Intel\hardware\arc32\1.0.4\variants\arduino_101\libarc32drv_arduino101.a(service_manager.o)
                0x400365cc                _add_service
 .text._cfw_register_service
                0x40036614       0x64 C:\Users\lhk\AppData\Local\arduino15\packages\Intel\hardware\arc32\1.0.4\variants\arduino_101\libarc32drv_arduino101.a(service_manager.o)
                0x40036614                _cfw_register_service
 .text.handle_ipc_sync_request
                0x40036678       0x58 C:\Users\lhk\AppData\Local\arduino15\packages\Intel\hardware\arc32\1.0.4\variants\arduino_101\libarc32drv_arduino101.a(service_manager.o)
                0x40036678                handle_ipc_sync_request
 .text.ipc_init
                0x400366d0       0x48 C:\Users\lhk\AppData\Local\arduino15\packages\Intel\hardware\arc32\1.0.4\variants\arduino_101\libarc32drv_arduino101.a(ipc.o)
                0x400366d0                ipc_init
 .text.ipc_handle_message
                0x40036718       0xa4 C:\Users\lhk\AppData\Local\arduino15\packages\Intel\hardware\arc32\1.0.4\variants\arduino_101\libarc32drv_arduino101.a(ipc.o)
                0x40036718                ipc_handle_message
 .text.ipc_request_sync_int
                0x400367bc      0x158 C:\Users\lhk\AppData\Local\arduino15\packages\Intel\hardware\arc32\1.0.4\variants\arduino_101\libarc32drv_arduino101.a(ipc.o)
                0x400367bc                ipc_request_sync_int
 .text.ipc_sync_callback
                0x40036914       0x54 C:\Users\lhk\AppData\Local\arduino15\packages\Intel\hardware\arc32\1.0.4\variants\arduino_101\libarc32drv_arduino101.a(ipc_callback.o)
                0x40036914                ipc_sync_callback
 .text.log_vprintk
                0x40036968       0x48 C:\Users\lhk\AppData\Local\arduino15\packages\Intel\hardware\arc32\1.0.4\variants\arduino_101\libarc32drv_arduino101.a(log.o)
                0x40036968                log_vprintk
 .text.log_printk
                0x400369b0       0x38 C:\Users\lhk\AppData\Local\arduino15\packages\Intel\hardware\arc32\1.0.4\variants\arduino_101\libarc32drv_arduino101.a(log.o)
                0x400369b0                log_printk
 .text.log_write_msg
                0x400369e8       0x10 C:\Users\lhk\AppData\Local\arduino15\packages\Intel\hardware\arc32\1.0.4\variants\arduino_101\libarc32drv_arduino101.a(log_impl_printk.o)
                0x400369e8                log_write_msg
 .text.get_port
                0x400369f8       0x40 C:\Users\lhk\AppData\Local\arduino15\packages\Intel\hardware\arc32\1.0.4\variants\arduino_101\libarc32drv_arduino101.a(port.o)
 .text.get_cpu_id
                0x40036a38       0x14 C:\Users\lhk\AppData\Local\arduino15\packages\Intel\hardware\arc32\1.0.4\variants\arduino_101\libarc32drv_arduino101.a(port.o)
                0x40036a38                get_cpu_id
 .text.port_get_port_table
                0x40036a4c       0x14 C:\Users\lhk\AppData\Local\arduino15\packages\Intel\hardware\arc32\1.0.4\variants\arduino_101\libarc32drv_arduino101.a(port.o)
                0x40036a4c                port_get_port_table
 .text.port_alloc
                0x40036a60       0x5c C:\Users\lhk\AppData\Local\arduino15\packages\Intel\hardware\arc32\1.0.4\variants\arduino_101\libarc32drv_arduino101.a(port.o)
                0x40036a60                port_alloc
 .text.port_set_handler
                0x40036abc       0x28 C:\Users\lhk\AppData\Local\arduino15\packages\Intel\hardware\arc32\1.0.4\variants\arduino_101\libarc32drv_arduino101.a(port.o)
                0x40036abc                port_set_handler
 .text.message_alloc
                0x40036ae4       0x38 C:\Users\lhk\AppData\Local\arduino15\packages\Intel\hardware\arc32\1.0.4\variants\arduino_101\libarc32drv_arduino101.a(port.o)
                0x40036ae4                message_alloc
 .text.port_process_message
                0x40036b1c       0x3c C:\Users\lhk\AppData\Local\arduino15\packages\Intel\hardware\arc32\1.0.4\variants\arduino_101\libarc32drv_arduino101.a(port.o)
                0x40036b1c                port_process_message
 .text.port_set_cpu_id
                0x40036b58       0x24 C:\Users\lhk\AppData\Local\arduino15\packages\Intel\hardware\arc32\1.0.4\variants\arduino_101\libarc32drv_arduino101.a(port.o)
                0x40036b58                port_set_cpu_id
 .text.port_get_cpu_id
                0x40036b7c       0x18 C:\Users\lhk\AppData\Local\arduino15\packages\Intel\hardware\arc32\1.0.4\variants\arduino_101\libarc32drv_arduino101.a(port.o)
                0x40036b7c                port_get_cpu_id
 .text.set_cpu_id
                0x40036b94       0x14 C:\Users\lhk\AppData\Local\arduino15\packages\Intel\hardware\arc32\1.0.4\variants\arduino_101\libarc32drv_arduino101.a(port.o)
                0x40036b94                set_cpu_id
 .text.set_cpu_message_sender
                0x40036ba8       0x18 C:\Users\lhk\AppData\Local\arduino15\packages\Intel\hardware\arc32\1.0.4\variants\arduino_101\libarc32drv_arduino101.a(port.o)
                0x40036ba8                set_cpu_message_sender
 .text.set_cpu_free_handler
                0x40036bc0       0x18 C:\Users\lhk\AppData\Local\arduino15\packages\Intel\hardware\arc32\1.0.4\variants\arduino_101\libarc32drv_arduino101.a(port.o)
                0x40036bc0                set_cpu_free_handler
 .text.port_send_message
                0x40036bd8       0x94 C:\Users\lhk\AppData\Local\arduino15\packages\Intel\hardware\arc32\1.0.4\variants\arduino_101\libarc32drv_arduino101.a(port.o)
                0x40036bd8                port_send_message
 .text.message_free
                0x40036c6c       0x4c C:\Users\lhk\AppData\Local\arduino15\packages\Intel\hardware\arc32\1.0.4\variants\arduino_101\libarc32drv_arduino101.a(port.o)
                0x40036c6c                message_free
 .text.queue_process_message
                0x40036cb8       0x48 C:\Users\lhk\AppData\Local\arduino15\packages\Intel\hardware\arc32\1.0.4\variants\arduino_101\libarc32drv_arduino101.a(port.o)
                0x40036cb8                queue_process_message
 .text.get_uptime_ms
                0x40036d00       0x28 C:\Users\lhk\AppData\Local\arduino15\packages\Intel\hardware\arc32\1.0.4\variants\arduino_101\libarc32drv_arduino101.a(uptime.o)
                0x40036d00                get_uptime_ms
 .text.list_init
                0x40036d28       0x14 C:\Users\lhk\AppData\Local\arduino15\packages\Intel\hardware\arc32\1.0.4\variants\arduino_101\libarc32drv_arduino101.a(list.o)
                0x40036d28                list_init
 .text.list_add
                0x40036d3c       0x28 C:\Users\lhk\AppData\Local\arduino15\packages\Intel\hardware\arc32\1.0.4\variants\arduino_101\libarc32drv_arduino101.a(list.o)
                0x40036d3c                list_add
 .text.list_foreach_del
                0x40036d64       0x60 C:\Users\lhk\AppData\Local\arduino15\packages\Intel\hardware\arc32\1.0.4\variants\arduino_101\libarc32drv_arduino101.a(list.o)
                0x40036d64                list_foreach_del
 .text.list_get
                0x40036dc4       0x24 C:\Users\lhk\AppData\Local\arduino15\packages\Intel\hardware\arc32\1.0.4\variants\arduino_101\libarc32drv_arduino101.a(list.o)
                0x40036dc4                list_get
 .text.cfw_alloc
                0x40036de8       0x2c C:\Users\lhk\AppData\Local\arduino15\packages\Intel\hardware\arc32\1.0.4\variants\arduino_101\libarc32drv_arduino101.a(os.o)
                0x40036de8                cfw_alloc
 .text.cfw_free
                0x40036e14       0x28 C:\Users\lhk\AppData\Local\arduino15\packages\Intel\hardware\arc32\1.0.4\variants\arduino_101\libarc32drv_arduino101.a(os.o)
                0x40036e14                cfw_free
 .text.balloc   0x40036e3c       0x10 C:\Users\lhk\AppData\Local\arduino15\packages\Intel\hardware\arc32\1.0.4\variants\arduino_101\libarc32drv_arduino101.a(os.o)
                0x40036e3c                balloc
 .text.bfree    0x40036e4c       0x18 C:\Users\lhk\AppData\Local\arduino15\packages\Intel\hardware\arc32\1.0.4\variants\arduino_101\libarc32drv_arduino101.a(os.o)
                0x40036e4c                bfree
 .text.queue_get_message
                0x40036e64       0x28 C:\Users\lhk\AppData\Local\arduino15\packages\Intel\hardware\arc32\1.0.4\variants\arduino_101\libarc32drv_arduino101.a(os.o)
                0x40036e64                queue_get_message
 .text.queue_send_message
                0x40036e8c       0x24 C:\Users\lhk\AppData\Local\arduino15\packages\Intel\hardware\arc32\1.0.4\variants\arduino_101\libarc32drv_arduino101.a(os.o)
                0x40036e8c                queue_send_message
 .text.queue_create
                0x40036eb0       0x54 C:\Users\lhk\AppData\Local\arduino15\packages\Intel\hardware\arc32\1.0.4\variants\arduino_101\libarc32drv_arduino101.a(os.o)
                0x40036eb0                queue_create
 .text.mutex_create
                0x40036f04       0x10 C:\Users\lhk\AppData\Local\arduino15\packages\Intel\hardware\arc32\1.0.4\variants\arduino_101\libarc32drv_arduino101.a(os.o)
                0x40036f04                mutex_create
 .text.mutex_unlock
                0x40036f14        0xc C:\Users\lhk\AppData\Local\arduino15\packages\Intel\hardware\arc32\1.0.4\variants\arduino_101\libarc32drv_arduino101.a(os.o)
                0x40036f14                mutex_unlock
 .text.mutex_lock
                0x40036f20       0x10 C:\Users\lhk\AppData\Local\arduino15\packages\Intel\hardware\arc32\1.0.4\variants\arduino_101\libarc32drv_arduino101.a(os.o)
                0x40036f20                mutex_lock
 .text.setup    0x40036f30       0x70 C:\Users\lhk\AppData\Local\V.Micro\Arduino\Builds\Blink1\Intel_intel_arc32_arduino_101\Blink1.cpp.o
                0x40036f30                setup
 .text.loop     0x40036fa0       0x74 C:\Users\lhk\AppData\Local\V.Micro\Arduino\Builds\Blink1\Intel_intel_arc32_arduino_101\Blink1.cpp.o
                0x40036fa0                loop
 .text._ZN16VisualMicroDebug14outPacketStartEb
                0x40037014       0x3c C:\Users\lhk\AppData\Local\V.Micro\Arduino\Builds\Blink1\Intel_intel_arc32_arduino_101\VM_DBG\VM_DBG.cpp.o
                0x40037014                VisualMicroDebug::outPacketStart(bool)
 .text._ZN16VisualMicroDebug14outPacketStartEv
                0x40037050       0x10 C:\Users\lhk\AppData\Local\V.Micro\Arduino\Builds\Blink1\Intel_intel_arc32_arduino_101\VM_DBG\VM_DBG.cpp.o
                0x40037050                VisualMicroDebug::outPacketStart()
 .text._ZN16VisualMicroDebug4initEm
                0x40037060       0x20 C:\Users\lhk\AppData\Local\V.Micro\Arduino\Builds\Blink1\Intel_intel_arc32_arduino_101\VM_DBG\VM_DBG.cpp.o
                0x40037060                VisualMicroDebug::init(unsigned long)
 .text._ZN16VisualMicroDebug5beginEP14CDCSerialClassm
                0x40037080       0x48 C:\Users\lhk\AppData\Local\V.Micro\Arduino\Builds\Blink1\Intel_intel_arc32_arduino_101\VM_DBG\VM_DBG.cpp.o
                0x40037080                VisualMicroDebug::begin(CDCSerialClass*, unsigned long)
 .text._ZN16VisualMicroDebug16sendContinuedACKEh
                0x400370c8       0x48 C:\Users\lhk\AppData\Local\V.Micro\Arduino\Builds\Blink1\Intel_intel_arc32_arduino_101\VM_DBG\VM_DBG.cpp.o
                0x400370c8                VisualMicroDebug::sendContinuedACK(unsigned char)
 .text._ZN16VisualMicroDebug9breakWaitEh
                0x40037110       0x6c C:\Users\lhk\AppData\Local\V.Micro\Arduino\Builds\Blink1\Intel_intel_arc32_arduino_101\VM_DBG\VM_DBG.cpp.o
                0x40037110                VisualMicroDebug::breakWait(unsigned char)
 .text._ZN16VisualMicroDebug5startEbb
                0x4003717c       0x2c C:\Users\lhk\AppData\Local\V.Micro\Arduino\Builds\Blink1\Intel_intel_arc32_arduino_101\VM_DBG\VM_DBG.cpp.o
                0x4003717c                VisualMicroDebug::start(bool, bool)
 .text.delay    0x400371a8       0xc4 C:\Users\lhk\AppData\Local\V.Micro\Arduino\Builds\Blink1\Intel_intel_arc32_arduino_101/core.a(wiring.c.o)
                0x400371a8                delay
 .text.millis   0x4003726c       0x40 C:\Users\lhk\AppData\Local\V.Micro\Arduino\Builds\Blink1\Intel_intel_arc32_arduino_101/core.a(wiring.c.o)
                0x4003726c                millis
 .text.pinMode  0x400372ac       0xf4 C:\Users\lhk\AppData\Local\V.Micro\Arduino\Builds\Blink1\Intel_intel_arc32_arduino_101/core.a(wiring_digital.c.o)
                0x400372ac                pinMode
 .text.digitalWrite
                0x400373a0       0xb0 C:\Users\lhk\AppData\Local\V.Micro\Arduino\Builds\Blink1\Intel_intel_arc32_arduino_101/core.a(wiring_digital.c.o)
                0x400373a0                digitalWrite
 .text.main     0x40037450       0x28 C:\Users\lhk\AppData\Local\V.Micro\Arduino\Builds\Blink1\Intel_intel_arc32_arduino_101/core.a(main.cpp.o)
                0x40037450                main
 .text._ZN5Print5writeEPKhj
                0x40037478       0x38 C:\Users\lhk\AppData\Local\V.Micro\Arduino\Builds\Blink1\Intel_intel_arc32_arduino_101/core.a(Print.cpp.o)
                0x40037478                Print::write(unsigned char const*, unsigned int)
 .text._ZN5Print5writeEPKc
                0x400374b0       0x44 C:\Users\lhk\AppData\Local\V.Micro\Arduino\Builds\Blink1\Intel_intel_arc32_arduino_101/core.a(Print.cpp.o)
                0x400374b0                Print::write(char const*)
 .text._ZN5Print5printEPKc
                0x400374f4       0x10 C:\Users\lhk\AppData\Local\V.Micro\Arduino\Builds\Blink1\Intel_intel_arc32_arduino_101/core.a(Print.cpp.o)
                0x400374f4                Print::print(char const*)
 .text._ZN5Print11printNumberEmh
                0x40037504       0x70 C:\Users\lhk\AppData\Local\V.Micro\Arduino\Builds\Blink1\Intel_intel_arc32_arduino_101/core.a(Print.cpp.o)
                0x40037504                Print::printNumber(unsigned long, unsigned char)
 .text._ZN5Print5printEmi
                0x40037574       0x20 C:\Users\lhk\AppData\Local\V.Micro\Arduino\Builds\Blink1\Intel_intel_arc32_arduino_101/core.a(Print.cpp.o)
                0x40037574                Print::print(unsigned long, int)
 .text._ZN5Print5printEhi
                0x40037594       0x10 C:\Users\lhk\AppData\Local\V.Micro\Arduino\Builds\Blink1\Intel_intel_arc32_arduino_101/core.a(Print.cpp.o)
                0x40037594                Print::print(unsigned char, int)
 .text._Z11serialEventv
                0x400375a4        0xc C:\Users\lhk\AppData\Local\V.Micro\Arduino\Builds\Blink1\Intel_intel_arc32_arduino_101/core.a(variant.cpp.o)
                0x400375a4                serialEvent()
 .text._Z12UART_Handlerv
                0x400375b0       0x14 C:\Users\lhk\AppData\Local\V.Micro\Arduino\Builds\Blink1\Intel_intel_arc32_arduino_101/core.a(variant.cpp.o)
                0x400375b0                UART_Handler()
 .text._Z12serialEvent1v
                0x400375c4        0xc C:\Users\lhk\AppData\Local\V.Micro\Arduino\Builds\Blink1\Intel_intel_arc32_arduino_101/core.a(variant.cpp.o)
                0x400375c4                serialEvent1()
 .text.variantGpioInit
                0x400375d0       0xe0 C:\Users\lhk\AppData\Local\V.Micro\Arduino\Builds\Blink1\Intel_intel_arc32_arduino_101/core.a(variant.cpp.o)
                0x400375d0                variantGpioInit
 .text.variantPwmInit
                0x400376b0       0x3c C:\Users\lhk\AppData\Local\V.Micro\Arduino\Builds\Blink1\Intel_intel_arc32_arduino_101/core.a(variant.cpp.o)
                0x400376b0                variantPwmInit
 .text.variantAdcInit
                0x400376ec       0xa8 C:\Users\lhk\AppData\Local\V.Micro\Arduino\Builds\Blink1\Intel_intel_arc32_arduino_101/core.a(variant.cpp.o)
                0x400376ec                variantAdcInit
 .text.initVariant
                0x40037794       0x30 C:\Users\lhk\AppData\Local\V.Micro\Arduino\Builds\Blink1\Intel_intel_arc32_arduino_101/core.a(variant.cpp.o)
                0x40037794                initVariant
 .text._GLOBAL__sub_I_g_APinDescription
                0x400377c4       0x50 C:\Users\lhk\AppData\Local\V.Micro\Arduino\Builds\Blink1\Intel_intel_arc32_arduino_101/core.a(variant.cpp.o)
 .text._Z14serialEventRunv
                0x40037814       0x38 C:\Users\lhk\AppData\Local\V.Micro\Arduino\Builds\Blink1\Intel_intel_arc32_arduino_101/core.a(variant.cpp.o)
                0x40037814                serialEventRun()
 .text.__empty  0x4003784c        0xc C:\Users\lhk\AppData\Local\V.Micro\Arduino\Builds\Blink1\Intel_intel_arc32_arduino_101/core.a(hooks.c.o)
                0x4003784c                yield
 .text._ZN14CDCSerialClass3endEv
                0x40037858       0x14 C:\Users\lhk\AppData\Local\V.Micro\Arduino\Builds\Blink1\Intel_intel_arc32_arduino_101/core.a(CDCSerialClass.cpp.o)
                0x40037858                CDCSerialClass::end()
 .text._ZN14CDCSerialClass9availableEv
                0x4003786c       0x38 C:\Users\lhk\AppData\Local\V.Micro\Arduino\Builds\Blink1\Intel_intel_arc32_arduino_101/core.a(CDCSerialClass.cpp.o)
                0x4003786c                CDCSerialClass::available()
 .text._ZN14CDCSerialClass4peekEv
                0x400378a4       0x24 C:\Users\lhk\AppData\Local\V.Micro\Arduino\Builds\Blink1\Intel_intel_arc32_arduino_101/core.a(CDCSerialClass.cpp.o)
                0x400378a4                CDCSerialClass::peek()
 .text._ZN14CDCSerialClass4readEv
                0x400378c8       0x44 C:\Users\lhk\AppData\Local\V.Micro\Arduino\Builds\Blink1\Intel_intel_arc32_arduino_101/core.a(CDCSerialClass.cpp.o)
                0x400378c8                CDCSerialClass::read()
 .text._ZN14CDCSerialClasscvbEv
                0x4003790c       0x34 C:\Users\lhk\AppData\Local\V.Micro\Arduino\Builds\Blink1\Intel_intel_arc32_arduino_101/core.a(CDCSerialClass.cpp.o)
                0x4003790c                CDCSerialClass::operator bool()
 .text._ZN14CDCSerialClass5flushEv
                0x40037940       0x2c C:\Users\lhk\AppData\Local\V.Micro\Arduino\Builds\Blink1\Intel_intel_arc32_arduino_101/core.a(CDCSerialClass.cpp.o)
                0x40037940                CDCSerialClass::flush()
 .text._ZN14CDCSerialClass5writeEh
                0x4003796c       0x50 C:\Users\lhk\AppData\Local\V.Micro\Arduino\Builds\Blink1\Intel_intel_arc32_arduino_101/core.a(CDCSerialClass.cpp.o)
                0x4003796c                CDCSerialClass::write(unsigned char)
 .text._ZN14CDCSerialClassC2EP14uart_init_info
                0x400379bc       0x20 C:\Users\lhk\AppData\Local\V.Micro\Arduino\Builds\Blink1\Intel_intel_arc32_arduino_101/core.a(CDCSerialClass.cpp.o)
                0x400379bc                CDCSerialClass::CDCSerialClass(uart_init_info*)
                0x400379bc                CDCSerialClass::CDCSerialClass(uart_init_info*)
 .text._ZN14CDCSerialClass13setSharedDataEP19cdc_acm_shared_data
                0x400379dc       0x18 C:\Users\lhk\AppData\Local\V.Micro\Arduino\Builds\Blink1\Intel_intel_arc32_arduino_101/core.a(CDCSerialClass.cpp.o)
                0x400379dc                CDCSerialClass::setSharedData(cdc_acm_shared_data*)
 .text._ZN14CDCSerialClass4initEmh
                0x400379f4       0x38 C:\Users\lhk\AppData\Local\V.Micro\Arduino\Builds\Blink1\Intel_intel_arc32_arduino_101/core.a(CDCSerialClass.cpp.o)
                0x400379f4                CDCSerialClass::init(unsigned long, unsigned char)
 .text._ZN14CDCSerialClass5beginEm
                0x40037a2c       0x10 C:\Users\lhk\AppData\Local\V.Micro\Arduino\Builds\Blink1\Intel_intel_arc32_arduino_101/core.a(CDCSerialClass.cpp.o)
                0x40037a2c                CDCSerialClass::begin(unsigned long)
 .text._ZN10RingBufferC2Ev
                0x40037a3c       0x30 C:\Users\lhk\AppData\Local\V.Micro\Arduino\Builds\Blink1\Intel_intel_arc32_arduino_101/core.a(RingBuffer.cpp.o)
                0x40037a3c                RingBuffer::RingBuffer()
                0x40037a3c                RingBuffer::RingBuffer()
 .text._ZN10RingBuffer10store_charEh
                0x40037a6c       0x38 C:\Users\lhk\AppData\Local\V.Micro\Arduino\Builds\Blink1\Intel_intel_arc32_arduino_101/core.a(RingBuffer.cpp.o)
                0x40037a6c                RingBuffer::store_char(unsigned char)
 .text._ZN9UARTClasscvbEv
                0x40037aa4       0x10 C:\Users\lhk\AppData\Local\V.Micro\Arduino\Builds\Blink1\Intel_intel_arc32_arduino_101/core.a(UARTClass.cpp.o)
                0x40037aa4                UARTClass::operator bool()
 .text._ZN9UARTClass9availableEv
                0x40037ab4       0x1c C:\Users\lhk\AppData\Local\V.Micro\Arduino\Builds\Blink1\Intel_intel_arc32_arduino_101/core.a(UARTClass.cpp.o)
                0x40037ab4                UARTClass::available()
 .text._ZN9UARTClass4peekEv
                0x40037ad0       0x24 C:\Users\lhk\AppData\Local\V.Micro\Arduino\Builds\Blink1\Intel_intel_arc32_arduino_101/core.a(UARTClass.cpp.o)
                0x40037ad0                UARTClass::peek()
 .text._ZN9UARTClass4readEv
                0x40037af4       0x2c C:\Users\lhk\AppData\Local\V.Micro\Arduino\Builds\Blink1\Intel_intel_arc32_arduino_101/core.a(UARTClass.cpp.o)
                0x40037af4                UARTClass::read()
 .text._ZN9UARTClass3endEv
                0x40037b20       0x54 C:\Users\lhk\AppData\Local\V.Micro\Arduino\Builds\Blink1\Intel_intel_arc32_arduino_101/core.a(UARTClass.cpp.o)
                0x40037b20                UARTClass::end()
 .text._ZN9UARTClass5flushEv
                0x40037b74       0x28 C:\Users\lhk\AppData\Local\V.Micro\Arduino\Builds\Blink1\Intel_intel_arc32_arduino_101/core.a(UARTClass.cpp.o)
                0x40037b74                UARTClass::flush()
 .text._ZN9UARTClass5writeEh
                0x40037b9c       0x68 C:\Users\lhk\AppData\Local\V.Micro\Arduino\Builds\Blink1\Intel_intel_arc32_arduino_101/core.a(UARTClass.cpp.o)
                0x40037b9c                UARTClass::write(unsigned char)
 .text._ZN9UARTClassC2EP14uart_init_infoP10RingBufferS3_
                0x40037c04       0x24 C:\Users\lhk\AppData\Local\V.Micro\Arduino\Builds\Blink1\Intel_intel_arc32_arduino_101/core.a(UARTClass.cpp.o)
                0x40037c04                UARTClass::UARTClass(uart_init_info*, RingBuffer*, RingBuffer*)
                0x40037c04                UARTClass::UARTClass(uart_init_info*, RingBuffer*, RingBuffer*)
 .text._ZN9UARTClass4initEmh
                0x40037c28       0xc8 C:\Users\lhk\AppData\Local\V.Micro\Arduino\Builds\Blink1\Intel_intel_arc32_arduino_101/core.a(UARTClass.cpp.o)
                0x40037c28                UARTClass::init(unsigned long, unsigned char)
 .text._ZN9UARTClass5beginEmh
                0x40037cf0       0x28 C:\Users\lhk\AppData\Local\V.Micro\Arduino\Builds\Blink1\Intel_intel_arc32_arduino_101/core.a(UARTClass.cpp.o)
                0x40037cf0                UARTClass::begin(unsigned long, unsigned char)
 .text._ZN9UARTClass5beginEm
                0x40037d18       0x10 C:\Users\lhk\AppData\Local\V.Micro\Arduino\Builds\Blink1\Intel_intel_arc32_arduino_101/core.a(UARTClass.cpp.o)
                0x40037d18                UARTClass::begin(unsigned long)
 .text._ZN9UARTClass10IrqHandlerEv
                0x40037d28       0x74 C:\Users\lhk\AppData\Local\V.Micro\Arduino\Builds\Blink1\Intel_intel_arc32_arduino_101/core.a(UARTClass.cpp.o)
                0x40037d28                UARTClass::IrqHandler()
                0x40037d9c                __text_end = .

ctors           0x40037d9c        0xc
                0x40037d9c                . = ALIGN (0x4)
                0x40037d9c                __CTOR_LIST__ = .
                0x40037d9c        0x4 LONG 0x1 (((__CTOR_END__ - __CTOR_LIST__) / 0x4) - 0x2)
 *(SORT(.ctors*))
 .ctors         0x40037da0        0x4 C:\Users\lhk\AppData\Local\V.Micro\Arduino\Builds\Blink1\Intel_intel_arc32_arduino_101/core.a(variant.cpp.o)
                0x40037da4        0x4 LONG 0x0
                0x40037da8                __CTOR_END__ = .

rodata          0x40037da8      0x33c
 *(.rodata)
 .rodata        0x40037da8        0x8 c:/users/lhk/appdata/local/arduino15/packages/intel/tools/arc-elf32/1.6.4+1.0/bin/../lib/gcc/arc-elf32/4.8.3/../../../../arc-elf32/lib\libc.a(lib_a-impure.o)
                0x40037dac                _global_impure_ptr
 .rodata        0x40037db0      0x100 c:/users/lhk/appdata/local/arduino15/packages/intel/tools/arc-elf32/1.6.4+1.0/bin/../lib/gcc/arc-elf32/4.8.3\libgcc.a(_clz.o)
                0x40037db0                __clz_tab
 *(.rodata.*)
 .rodata.str1.4
                0x40037eb0       0x95 C:\Users\lhk\AppData\Local\arduino15\packages\Intel\hardware\arc32\1.0.4\variants\arduino_101\libarc32drv_arduino101.a(service_manager.o)
                                 0x98 (size before relaxing)
 *fill*         0x40037f45        0x3 
 .rodata.__func__.2670
                0x40037f48       0x18 C:\Users\lhk\AppData\Local\arduino15\packages\Intel\hardware\arc32\1.0.4\variants\arduino_101\libarc32drv_arduino101.a(service_manager.o)
 .rodata.str1.4
                0x40037f60       0x73 C:\Users\lhk\AppData\Local\arduino15\packages\Intel\hardware\arc32\1.0.4\variants\arduino_101\libarc32drv_arduino101.a(ipc.o)
                                 0x74 (size before relaxing)
 *fill*         0x40037fd3        0x1 
 .rodata.str1.4
                0x40037fd4       0x32 C:\Users\lhk\AppData\Local\arduino15\packages\Intel\hardware\arc32\1.0.4\variants\arduino_101\libarc32drv_arduino101.a(port.o)
                                 0x34 (size before relaxing)
 *fill*         0x40038006        0x2 
 .rodata.str1.4
                0x40038008       0x25 C:\Users\lhk\AppData\Local\V.Micro\Arduino\Builds\Blink1\Intel_intel_arc32_arduino_101\Blink1.cpp.o
                                 0x28 (size before relaxing)
 *fill*         0x4003802d        0x3 
 .rodata.str1.4
                0x40038030       0x5c C:\Users\lhk\AppData\Local\V.Micro\Arduino\Builds\Blink1\Intel_intel_arc32_arduino_101\VM_DBG\VM_DBG.cpp.o
 .rodata._ZTV14CDCSerialClass
                0x4003808c       0x2c C:\Users\lhk\AppData\Local\V.Micro\Arduino\Builds\Blink1\Intel_intel_arc32_arduino_101/core.a(CDCSerialClass.cpp.o)
                0x4003808c                vtable for CDCSerialClass
 .rodata._ZTV9UARTClass
                0x400380b8       0x2c C:\Users\lhk\AppData\Local\V.Micro\Arduino\Builds\Blink1\Intel_intel_arc32_arduino_101/core.a(UARTClass.cpp.o)
                0x400380b8                vtable for UARTClass
                0x400380e4                __data_rom_start = ALIGN (0x4)

datas           0xa800e000      0xc54 load address 0x400380e4
                0xa800e000                __data_ram_start = .
 *(.data)
 .data          0xa800e000       0xd4 C:\Users\lhk\AppData\Local\arduino15\packages\Intel\hardware\arc32\1.0.4\variants\arduino_101\libarc32drv_arduino101.a(interrupt.o)
                0xa800e000                _IsrTable
 .data          0xa800e0d4      0x410 c:/users/lhk/appdata/local/arduino15/packages/intel/tools/arc-elf32/1.6.4+1.0/bin/../lib/gcc/arc-elf32/4.8.3/../../../../arc-elf32/lib\libc.a(lib_a-mallocr.o)
                0xa800e0d4                __malloc_av_
                0xa800e4dc                __malloc_trim_threshold
                0xa800e4e0                __malloc_sbrk_base
 .data          0xa800e4e4      0x428 c:/users/lhk/appdata/local/arduino15/packages/intel/tools/arc-elf32/1.6.4+1.0/bin/../lib/gcc/arc-elf32/4.8.3/../../../../arc-elf32/lib\libc.a(lib_a-impure.o)
                0xa800e908                _impure_ptr
 *(.data.*)
 .data.g_APinDescription
                0xa800e90c      0x348 C:\Users\lhk\AppData\Local\V.Micro\Arduino\Builds\Blink1\Intel_intel_arc32_arduino_101/core.a(variant.cpp.o)
                0xa800e90c                g_APinDescription
                0xa800ec54                __data_ram_end = .

bss             0xa800ec54      0x7b8 load address 0x40038d38
                0xa800ec54                . = ALIGN (0x4)
                0xa800ec54                __bss_start = .
 *(.bss)
 .bss           0xa800ec54       0x34 c:/users/lhk/appdata/local/arduino15/packages/intel/tools/arc-elf32/1.6.4+1.0/bin/../lib/gcc/arc-elf32/4.8.3/../../../../arc-elf32/lib\libc.a(lib_a-mallocr.o)
                0xa800ec54                __malloc_top_pad
                0xa800ec58                __malloc_max_sbrked_mem
                0xa800ec5c                __malloc_max_total_mem
                0xa800ec60                __malloc_current_mallinfo
 .bss           0xa800ec88        0x4 c:/users/lhk/appdata/local/arduino15/packages/intel/tools/arc-elf32/1.6.4+1.0/bin/../lib/gcc/arc-elf32/4.8.3/../../../../arc-elf32/lib\libc.a(lib_a-sbrk.o)
 *(.bss.*)
 .bss.timer0_overflows
                0xa800ec8c        0x4 C:\Users\lhk\AppData\Local\arduino15\packages\Intel\hardware\arc32\1.0.4\variants\arduino_101\libarc32drv_arduino101.a(arcv2_timer0.o)
                0xa800ec8c                timer0_overflows
 .bss.ble_cfw_channel
                0xa800ec90        0x4 C:\Users\lhk\AppData\Local\arduino15\packages\Intel\hardware\arc32\1.0.4\variants\arduino_101\libarc32drv_arduino101.a(ipc_uart_ns16550.o)
 .bss.ipc_uart_tx_state
                0xa800ec94        0x1 C:\Users\lhk\AppData\Local\arduino15\packages\Intel\hardware\arc32\1.0.4\variants\arduino_101\libarc32drv_arduino101.a(ipc_uart_ns16550.o)
 *fill*         0xa800ec95        0x3 
 .bss.ipc_uart_tx
                0xa800ec98        0x4 C:\Users\lhk\AppData\Local\arduino15\packages\Intel\hardware\arc32\1.0.4\variants\arduino_101\libarc32drv_arduino101.a(ipc_uart_ns16550.o)
 .bss.uart      0xa800ec9c       0x10 C:\Users\lhk\AppData\Local\arduino15\packages\Intel\hardware\arc32\1.0.4\variants\arduino_101\libarc32drv_arduino101.a(ns16550.o)
 .bss.service_mgr_queue
                0xa800ecac        0x4 C:\Users\lhk\AppData\Local\arduino15\packages\Intel\hardware\arc32\1.0.4\variants\arduino_101\libarc32drv_arduino101.a(cfw_platform.o)
 .bss.service_avail_listeners
                0xa800ecb0        0x8 C:\Users\lhk\AppData\Local\arduino15\packages\Intel\hardware\arc32\1.0.4\variants\arduino_101\libarc32drv_arduino101.a(service_manager.o)
                0xa800ecb0                service_avail_listeners
 .bss.proxies   0xa800ecb8       0x10 C:\Users\lhk\AppData\Local\arduino15\packages\Intel\hardware\arc32\1.0.4\variants\arduino_101\libarc32drv_arduino101.a(service_manager.o)
 .bss.service_mgr_port_id
                0xa800ecc8        0x4 C:\Users\lhk\AppData\Local\arduino15\packages\Intel\hardware\arc32\1.0.4\variants\arduino_101\libarc32drv_arduino101.a(service_manager.o)
                0xa800ecc8                service_mgr_port_id
 .bss.registered_service_count
                0xa800eccc        0x4 C:\Users\lhk\AppData\Local\arduino15\packages\Intel\hardware\arc32\1.0.4\variants\arduino_101\libarc32drv_arduino101.a(service_manager.o)
 .bss.ipc_mutex
                0xa800ecd0        0x4 C:\Users\lhk\AppData\Local\arduino15\packages\Intel\hardware\arc32\1.0.4\variants\arduino_101\libarc32drv_arduino101.a(ipc.o)
 .bss.remote_cpu
                0xa800ecd4        0x1 C:\Users\lhk\AppData\Local\arduino15\packages\Intel\hardware\arc32\1.0.4\variants\arduino_101\libarc32drv_arduino101.a(ipc.o)
 *fill*         0xa800ecd5        0x3 
 .bss.rx_ack_chan
                0xa800ecd8        0x4 C:\Users\lhk\AppData\Local\arduino15\packages\Intel\hardware\arc32\1.0.4\variants\arduino_101\libarc32drv_arduino101.a(ipc.o)
 .bss.tx_ack_chan
                0xa800ecdc        0x4 C:\Users\lhk\AppData\Local\arduino15\packages\Intel\hardware\arc32\1.0.4\variants\arduino_101\libarc32drv_arduino101.a(ipc.o)
 .bss.tx_chan   0xa800ece0        0x4 C:\Users\lhk\AppData\Local\arduino15\packages\Intel\hardware\arc32\1.0.4\variants\arduino_101\libarc32drv_arduino101.a(ipc.o)
 .bss.rx_chan   0xa800ece4        0x4 C:\Users\lhk\AppData\Local\arduino15\packages\Intel\hardware\arc32\1.0.4\variants\arduino_101\libarc32drv_arduino101.a(ipc.o)
 .bss.global_infos
                0xa800ece8       0x33 C:\Users\lhk\AppData\Local\arduino15\packages\Intel\hardware\arc32\1.0.4\variants\arduino_101\libarc32drv_arduino101.a(log.o)
 *fill*         0xa800ed1b        0x1 
 .bss.registered_port_count
                0xa800ed1c        0x4 C:\Users\lhk\AppData\Local\arduino15\packages\Intel\hardware\arc32\1.0.4\variants\arduino_101\libarc32drv_arduino101.a(port.o)
 .bss.ports     0xa800ed20      0x320 C:\Users\lhk\AppData\Local\arduino15\packages\Intel\hardware\arc32\1.0.4\variants\arduino_101\libarc32drv_arduino101.a(port.o)
 .bss.this_cpu_id
                0xa800f040        0x1 C:\Users\lhk\AppData\Local\arduino15\packages\Intel\hardware\arc32\1.0.4\variants\arduino_101\libarc32drv_arduino101.a(port.o)
 *fill*         0xa800f041        0x3 
 .bss.MicroDebug
                0xa800f044       0x3c C:\Users\lhk\AppData\Local\V.Micro\Arduino\Builds\Blink1\Intel_intel_arc32_arduino_101\VM_DBG\VM_DBG.cpp.o
                0xa800f044                MicroDebug
 .bss.Serial1   0xa800f080       0x24 C:\Users\lhk\AppData\Local\V.Micro\Arduino\Builds\Blink1\Intel_intel_arc32_arduino_101/core.a(variant.cpp.o)
                0xa800f080                Serial1
 .bss.info_uart
                0xa800f0a4       0x10 C:\Users\lhk\AppData\Local\V.Micro\Arduino\Builds\Blink1\Intel_intel_arc32_arduino_101/core.a(variant.cpp.o)
                0xa800f0a4                info_uart
 .bss.tx_buffer_uart
                0xa800f0b4      0x10c C:\Users\lhk\AppData\Local\V.Micro\Arduino\Builds\Blink1\Intel_intel_arc32_arduino_101/core.a(variant.cpp.o)
                0xa800f0b4                tx_buffer_uart
 .bss.rx_buffer_uart
                0xa800f1c0      0x10c C:\Users\lhk\AppData\Local\V.Micro\Arduino\Builds\Blink1\Intel_intel_arc32_arduino_101/core.a(variant.cpp.o)
                0xa800f1c0                rx_buffer_uart
 .bss.Serial    0xa800f2cc       0x28 C:\Users\lhk\AppData\Local\V.Micro\Arduino\Builds\Blink1\Intel_intel_arc32_arduino_101/core.a(variant.cpp.o)
                0xa800f2cc                Serial
 .bss.info_cdc  0xa800f2f4       0x10 C:\Users\lhk\AppData\Local\V.Micro\Arduino\Builds\Blink1\Intel_intel_arc32_arduino_101/core.a(variant.cpp.o)
                0xa800f2f4                info_cdc
 *(COMMON)
 COMMON         0xa800f304       0x48 C:\Users\lhk\AppData\Local\arduino15\packages\Intel\hardware\arc32\1.0.4\variants\arduino_101\libarc32drv_arduino101.a(service_manager.o)
                0xa800f304                services
                0xa800f344                registered_evt_list
 COMMON         0xa800f34c       0x20 C:\Users\lhk\AppData\Local\arduino15\packages\Intel\hardware\arc32\1.0.4\variants\arduino_101\libarc32drv_arduino101.a(port.o)
                0xa800f34c                ipc_handler
 COMMON         0xa800f36c       0xa0 C:\Users\lhk\AppData\Local\arduino15\packages\Intel\hardware\arc32\1.0.4\variants\arduino_101\libarc32drv_arduino101.a(os.o)
                0xa800f36c                q_pool
                0xa800f40c                __bss_end = ALIGN (0x4)

noinit
 *(.noinit)
 *(.noinit.*)
 *(.seg_rxtx)
 *(.seg_rxtx.*)

heap            0xa800f40c     0x2000 load address 0x400394f0
                0xa800f40c                . = ALIGN (0x4)
                0xa800f40c                __start_heap = .
                0xa801140c                . = (. + __HEAP_SIZE_MIN)
 *fill*         0xa800f40c     0x2000 
                0xa8012000                __end_heap = ALIGN (__PAGE_SIZE)

stack           0xa801140c      0xa00 load address 0x4003b4f0
                0xa801160c                . = (. + __firq_stack_size)
 *fill*         0xa801140c      0x200 
                0xa801160c                . = ALIGN (0x4)
                0xa801160c                __firq_stack_start = .
                0xa8011e0c                . = (. + __stack_size)
 *fill*         0xa801160c      0x800 
                0xa8011e0c                . = ALIGN (0x4)
                0xa8011e0c                __stack_start = .
                0xa8011e0c                _end = .
END GROUP
OUTPUT(C:\Users\lhk\AppData\Local\V.Micro\Arduino\Builds\Blink1\Intel_intel_arc32_arduino_101/Blink1.ino.elf elf32-littlearc)

.debug_frame    0x00000000     0x2f84
 .debug_frame   0x00000000       0x44 C:\Users\lhk\AppData\Local\arduino15\packages\Intel\hardware\arc32\1.0.4\variants\arduino_101\libarc32drv_arduino101.a(c_init.o)
 .debug_frame   0x00000044       0xf0 C:\Users\lhk\AppData\Local\arduino15\packages\Intel\hardware\arc32\1.0.4\variants\arduino_101\libarc32drv_arduino101.a(interrupt.o)
 .debug_frame   0x00000134       0x5c C:\Users\lhk\AppData\Local\arduino15\packages\Intel\hardware\arc32\1.0.4\variants\arduino_101\libarc32drv_arduino101.a(arcv2_timer0.o)
 .debug_frame   0x00000190      0x1c0 C:\Users\lhk\AppData\Local\arduino15\packages\Intel\hardware\arc32\1.0.4\variants\arduino_101\libarc32drv_arduino101.a(ipc_uart_ns16550.o)
 .debug_frame   0x00000350      0x2e0 C:\Users\lhk\AppData\Local\arduino15\packages\Intel\hardware\arc32\1.0.4\variants\arduino_101\libarc32drv_arduino101.a(ns16550.o)
 .debug_frame   0x00000630       0xfc C:\Users\lhk\AppData\Local\arduino15\packages\Intel\hardware\arc32\1.0.4\variants\arduino_101\libarc32drv_arduino101.a(cfw_platform.o)
 .debug_frame   0x0000072c      0x120 C:\Users\lhk\AppData\Local\arduino15\packages\Intel\hardware\arc32\1.0.4\variants\arduino_101\libarc32drv_arduino101.a(nordic_interface.o)
 .debug_frame   0x0000084c      0x134 C:\Users\lhk\AppData\Local\arduino15\packages\Intel\hardware\arc32\1.0.4\variants\arduino_101\libarc32drv_arduino101.a(client_api.o)
 .debug_frame   0x00000980      0x230 C:\Users\lhk\AppData\Local\arduino15\packages\Intel\hardware\arc32\1.0.4\variants\arduino_101\libarc32drv_arduino101.a(service_api.o)
 .debug_frame   0x00000bb0      0x3cc C:\Users\lhk\AppData\Local\arduino15\packages\Intel\hardware\arc32\1.0.4\variants\arduino_101\libarc32drv_arduino101.a(service_manager.o)
 .debug_frame   0x00000f7c      0x170 C:\Users\lhk\AppData\Local\arduino15\packages\Intel\hardware\arc32\1.0.4\variants\arduino_101\libarc32drv_arduino101.a(ipc.o)
 .debug_frame   0x000010ec       0x44 C:\Users\lhk\AppData\Local\arduino15\packages\Intel\hardware\arc32\1.0.4\variants\arduino_101\libarc32drv_arduino101.a(ipc_callback.o)
 .debug_frame   0x00001130      0x194 C:\Users\lhk\AppData\Local\arduino15\packages\Intel\hardware\arc32\1.0.4\variants\arduino_101\libarc32drv_arduino101.a(log.o)
 .debug_frame   0x000012c4       0x90 C:\Users\lhk\AppData\Local\arduino15\packages\Intel\hardware\arc32\1.0.4\variants\arduino_101\libarc32drv_arduino101.a(log_impl_printk.o)
 .debug_frame   0x00001354      0x338 C:\Users\lhk\AppData\Local\arduino15\packages\Intel\hardware\arc32\1.0.4\variants\arduino_101\libarc32drv_arduino101.a(port.o)
 .debug_frame   0x0000168c       0x50 C:\Users\lhk\AppData\Local\arduino15\packages\Intel\hardware\arc32\1.0.4\variants\arduino_101\libarc32drv_arduino101.a(uptime.o)
 .debug_frame   0x000016dc      0x16c C:\Users\lhk\AppData\Local\arduino15\packages\Intel\hardware\arc32\1.0.4\variants\arduino_101\libarc32drv_arduino101.a(list.o)
 .debug_frame   0x00001848      0x254 C:\Users\lhk\AppData\Local\arduino15\packages\Intel\hardware\arc32\1.0.4\variants\arduino_101\libarc32drv_arduino101.a(os.o)
 .debug_frame   0x00001a9c       0x78 C:\Users\lhk\AppData\Local\V.Micro\Arduino\Builds\Blink1\Intel_intel_arc32_arduino_101\Blink1.cpp.o
 .debug_frame   0x00001b14      0x5e0 C:\Users\lhk\AppData\Local\V.Micro\Arduino\Builds\Blink1\Intel_intel_arc32_arduino_101\VM_DBG\VM_DBG.cpp.o
 .debug_frame   0x000020f4       0x9c C:\Users\lhk\AppData\Local\V.Micro\Arduino\Builds\Blink1\Intel_intel_arc32_arduino_101/core.a(wiring.c.o)
 .debug_frame   0x00002190       0x70 C:\Users\lhk\AppData\Local\V.Micro\Arduino\Builds\Blink1\Intel_intel_arc32_arduino_101/core.a(wiring_digital.c.o)
 .debug_frame   0x00002200       0x64 C:\Users\lhk\AppData\Local\V.Micro\Arduino\Builds\Blink1\Intel_intel_arc32_arduino_101/core.a(main.cpp.o)
 .debug_frame   0x00002264      0x5d4 C:\Users\lhk\AppData\Local\V.Micro\Arduino\Builds\Blink1\Intel_intel_arc32_arduino_101/core.a(Print.cpp.o)
 .debug_frame   0x00002838      0x1ac C:\Users\lhk\AppData\Local\V.Micro\Arduino\Builds\Blink1\Intel_intel_arc32_arduino_101/core.a(variant.cpp.o)
 .debug_frame   0x000029e4       0x70 C:\Users\lhk\AppData\Local\V.Micro\Arduino\Builds\Blink1\Intel_intel_arc32_arduino_101/core.a(hooks.c.o)
 .debug_frame   0x00002a54      0x1d8 C:\Users\lhk\AppData\Local\V.Micro\Arduino\Builds\Blink1\Intel_intel_arc32_arduino_101/core.a(CDCSerialClass.cpp.o)
 .debug_frame   0x00002c2c       0x64 C:\Users\lhk\AppData\Local\V.Micro\Arduino\Builds\Blink1\Intel_intel_arc32_arduino_101/core.a(RingBuffer.cpp.o)
 .debug_frame   0x00002c90      0x2a8 C:\Users\lhk\AppData\Local\V.Micro\Arduino\Builds\Blink1\Intel_intel_arc32_arduino_101/core.a(UARTClass.cpp.o)
 .debug_frame   0x00002f38       0x4c c:/users/lhk/appdata/local/arduino15/packages/intel/tools/arc-elf32/1.6.4+1.0/bin/../lib/gcc/arc-elf32/4.8.3\libgcc.a(_udivdi3.o)

.debug_info     0x00000000    0x13dc9
 .debug_info    0x00000000      0x1e7 C:\Users\lhk\AppData\Local\arduino15\packages\Intel\hardware\arc32\1.0.4\variants\arduino_101\libarc32drv_arduino101.a(c_init.o)
 .debug_info    0x000001e7      0x329 C:\Users\lhk\AppData\Local\arduino15\packages\Intel\hardware\arc32\1.0.4\variants\arduino_101\libarc32drv_arduino101.a(interrupt.o)
 .debug_info    0x00000510      0x15a C:\Users\lhk\AppData\Local\arduino15\packages\Intel\hardware\arc32\1.0.4\variants\arduino_101\libarc32drv_arduino101.a(version.o)
 .debug_info    0x0000066a      0x137 C:\Users\lhk\AppData\Local\arduino15\packages\Intel\hardware\arc32\1.0.4\variants\arduino_101\libarc32drv_arduino101.a(arcv2_timer0.o)
 .debug_info    0x000007a1      0xd6c C:\Users\lhk\AppData\Local\arduino15\packages\Intel\hardware\arc32\1.0.4\variants\arduino_101\libarc32drv_arduino101.a(ipc_uart_ns16550.o)
 .debug_info    0x0000150d      0xc1a C:\Users\lhk\AppData\Local\arduino15\packages\Intel\hardware\arc32\1.0.4\variants\arduino_101\libarc32drv_arduino101.a(ns16550.o)
 .debug_info    0x00002127      0x716 C:\Users\lhk\AppData\Local\arduino15\packages\Intel\hardware\arc32\1.0.4\variants\arduino_101\libarc32drv_arduino101.a(cfw_platform.o)
 .debug_info    0x0000283d      0xc4f C:\Users\lhk\AppData\Local\arduino15\packages\Intel\hardware\arc32\1.0.4\variants\arduino_101\libarc32drv_arduino101.a(nordic_interface.o)
 .debug_info    0x0000348c      0x84f C:\Users\lhk\AppData\Local\arduino15\packages\Intel\hardware\arc32\1.0.4\variants\arduino_101\libarc32drv_arduino101.a(client_api.o)
 .debug_info    0x00003cdb      0xc57 C:\Users\lhk\AppData\Local\arduino15\packages\Intel\hardware\arc32\1.0.4\variants\arduino_101\libarc32drv_arduino101.a(service_api.o)
 .debug_info    0x00004932     0x165a C:\Users\lhk\AppData\Local\arduino15\packages\Intel\hardware\arc32\1.0.4\variants\arduino_101\libarc32drv_arduino101.a(service_manager.o)
 .debug_info    0x00005f8c      0x873 C:\Users\lhk\AppData\Local\arduino15\packages\Intel\hardware\arc32\1.0.4\variants\arduino_101\libarc32drv_arduino101.a(ipc.o)
 .debug_info    0x000067ff      0x292 C:\Users\lhk\AppData\Local\arduino15\packages\Intel\hardware\arc32\1.0.4\variants\arduino_101\libarc32drv_arduino101.a(ipc_callback.o)
 .debug_info    0x00006a91      0x518 C:\Users\lhk\AppData\Local\arduino15\packages\Intel\hardware\arc32\1.0.4\variants\arduino_101\libarc32drv_arduino101.a(log.o)
 .debug_info    0x00006fa9      0x182 C:\Users\lhk\AppData\Local\arduino15\packages\Intel\hardware\arc32\1.0.4\variants\arduino_101\libarc32drv_arduino101.a(log_impl_printk.o)
 .debug_info    0x0000712b      0xa9e C:\Users\lhk\AppData\Local\arduino15\packages\Intel\hardware\arc32\1.0.4\variants\arduino_101\libarc32drv_arduino101.a(port.o)
 .debug_info    0x00007bc9       0xc9 C:\Users\lhk\AppData\Local\arduino15\packages\Intel\hardware\arc32\1.0.4\variants\arduino_101\libarc32drv_arduino101.a(uptime.o)
 .debug_info    0x00007c92      0x4f6 C:\Users\lhk\AppData\Local\arduino15\packages\Intel\hardware\arc32\1.0.4\variants\arduino_101\libarc32drv_arduino101.a(list.o)
 .debug_info    0x00008188      0x7f8 C:\Users\lhk\AppData\Local\arduino15\packages\Intel\hardware\arc32\1.0.4\variants\arduino_101\libarc32drv_arduino101.a(os.o)
 .debug_info    0x00008980       0xbe C:\Users\lhk\AppData\Local\arduino15\packages\Intel\hardware\arc32\1.0.4\variants\arduino_101\libarc32drv_arduino101.a(init.o)
 .debug_info    0x00008a3e       0xc9 c:/users/lhk/appdata/local/arduino15/packages/intel/tools/arc-elf32/1.6.4+1.0/bin/../lib/gcc/arc-elf32/4.8.3\libgcc.a(_udivsi3.o)
 .debug_info    0x00008b07       0xc9 c:/users/lhk/appdata/local/arduino15/packages/intel/tools/arc-elf32/1.6.4+1.0/bin/../lib/gcc/arc-elf32/4.8.3\libgcc.a(_umodsi3.o)
 .debug_info    0x00008bd0       0xc9 c:/users/lhk/appdata/local/arduino15/packages/intel/tools/arc-elf32/1.6.4+1.0/bin/../lib/gcc/arc-elf32/4.8.3\libgcc.a(_divmod_tools.o)
 .debug_info    0x00008c99       0xc9 c:/users/lhk/appdata/local/arduino15/packages/intel/tools/arc-elf32/1.6.4+1.0/bin/../lib/gcc/arc-elf32/4.8.3\libgcc.a(_millicodethunk_st.o)
 .debug_info    0x00008d62       0xc9 c:/users/lhk/appdata/local/arduino15/packages/intel/tools/arc-elf32/1.6.4+1.0/bin/../lib/gcc/arc-elf32/4.8.3\libgcc.a(_millicodethunk_ld.o)
 .debug_info    0x00008e2b       0xc9 c:/users/lhk/appdata/local/arduino15/packages/intel/tools/arc-elf32/1.6.4+1.0/bin/../lib/gcc/arc-elf32/4.8.3\libgcc.a(_millicodethunk_ret.o)
 .debug_info    0x00008ef4      0x990 C:\Users\lhk\AppData\Local\V.Micro\Arduino\Builds\Blink1\Intel_intel_arc32_arduino_101\Blink1.cpp.o
 .debug_info    0x00009884     0x14b2 C:\Users\lhk\AppData\Local\V.Micro\Arduino\Builds\Blink1\Intel_intel_arc32_arduino_101\VM_DBG\VM_DBG.cpp.o
 .debug_info    0x0000ad36      0x4fd C:\Users\lhk\AppData\Local\V.Micro\Arduino\Builds\Blink1\Intel_intel_arc32_arduino_101/core.a(wiring.c.o)
 .debug_info    0x0000b233      0x58b C:\Users\lhk\AppData\Local\V.Micro\Arduino\Builds\Blink1\Intel_intel_arc32_arduino_101/core.a(wiring_digital.c.o)
 .debug_info    0x0000b7be      0x25a C:\Users\lhk\AppData\Local\V.Micro\Arduino\Builds\Blink1\Intel_intel_arc32_arduino_101/core.a(main.cpp.o)
 .debug_info    0x0000ba18     0x2aa5 C:\Users\lhk\AppData\Local\V.Micro\Arduino\Builds\Blink1\Intel_intel_arc32_arduino_101/core.a(Print.cpp.o)
 .debug_info    0x0000e4bd      0xaee C:\Users\lhk\AppData\Local\V.Micro\Arduino\Builds\Blink1\Intel_intel_arc32_arduino_101/core.a(variant.cpp.o)
 .debug_info    0x0000efab       0x60 C:\Users\lhk\AppData\Local\V.Micro\Arduino\Builds\Blink1\Intel_intel_arc32_arduino_101/core.a(hooks.c.o)
 .debug_info    0x0000f00b     0x2098 C:\Users\lhk\AppData\Local\V.Micro\Arduino\Builds\Blink1\Intel_intel_arc32_arduino_101/core.a(CDCSerialClass.cpp.o)
 .debug_info    0x000110a3      0x208 C:\Users\lhk\AppData\Local\V.Micro\Arduino\Builds\Blink1\Intel_intel_arc32_arduino_101/core.a(RingBuffer.cpp.o)
 .debug_info    0x000112ab     0x235f C:\Users\lhk\AppData\Local\V.Micro\Arduino\Builds\Blink1\Intel_intel_arc32_arduino_101/core.a(UARTClass.cpp.o)
 .debug_info    0x0001360a      0x6f8 c:/users/lhk/appdata/local/arduino15/packages/intel/tools/arc-elf32/1.6.4+1.0/bin/../lib/gcc/arc-elf32/4.8.3\libgcc.a(_udivdi3.o)
 .debug_info    0x00013d02       0xc7 c:/users/lhk/appdata/local/arduino15/packages/intel/tools/arc-elf32/1.6.4+1.0/bin/../lib/gcc/arc-elf32/4.8.3\libgcc.a(_clz.o)

.debug_abbrev   0x00000000     0x4765
 .debug_abbrev  0x00000000      0x145 C:\Users\lhk\AppData\Local\arduino15\packages\Intel\hardware\arc32\1.0.4\variants\arduino_101\libarc32drv_arduino101.a(c_init.o)
 .debug_abbrev  0x00000145      0x176 C:\Users\lhk\AppData\Local\arduino15\packages\Intel\hardware\arc32\1.0.4\variants\arduino_101\libarc32drv_arduino101.a(interrupt.o)
 .debug_abbrev  0x000002bb       0x7b C:\Users\lhk\AppData\Local\arduino15\packages\Intel\hardware\arc32\1.0.4\variants\arduino_101\libarc32drv_arduino101.a(version.o)
 .debug_abbrev  0x00000336      0x119 C:\Users\lhk\AppData\Local\arduino15\packages\Intel\hardware\arc32\1.0.4\variants\arduino_101\libarc32drv_arduino101.a(arcv2_timer0.o)
 .debug_abbrev  0x0000044f      0x34d C:\Users\lhk\AppData\Local\arduino15\packages\Intel\hardware\arc32\1.0.4\variants\arduino_101\libarc32drv_arduino101.a(ipc_uart_ns16550.o)
 .debug_abbrev  0x0000079c      0x292 C:\Users\lhk\AppData\Local\arduino15\packages\Intel\hardware\arc32\1.0.4\variants\arduino_101\libarc32drv_arduino101.a(ns16550.o)
 .debug_abbrev  0x00000a2e      0x26b C:\Users\lhk\AppData\Local\arduino15\packages\Intel\hardware\arc32\1.0.4\variants\arduino_101\libarc32drv_arduino101.a(cfw_platform.o)
 .debug_abbrev  0x00000c99      0x269 C:\Users\lhk\AppData\Local\arduino15\packages\Intel\hardware\arc32\1.0.4\variants\arduino_101\libarc32drv_arduino101.a(nordic_interface.o)
 .debug_abbrev  0x00000f02      0x244 C:\Users\lhk\AppData\Local\arduino15\packages\Intel\hardware\arc32\1.0.4\variants\arduino_101\libarc32drv_arduino101.a(client_api.o)
 .debug_abbrev  0x00001146      0x25e C:\Users\lhk\AppData\Local\arduino15\packages\Intel\hardware\arc32\1.0.4\variants\arduino_101\libarc32drv_arduino101.a(service_api.o)
 .debug_abbrev  0x000013a4      0x42b C:\Users\lhk\AppData\Local\arduino15\packages\Intel\hardware\arc32\1.0.4\variants\arduino_101\libarc32drv_arduino101.a(service_manager.o)
 .debug_abbrev  0x000017cf      0x255 C:\Users\lhk\AppData\Local\arduino15\packages\Intel\hardware\arc32\1.0.4\variants\arduino_101\libarc32drv_arduino101.a(ipc.o)
 .debug_abbrev  0x00001a24      0x160 C:\Users\lhk\AppData\Local\arduino15\packages\Intel\hardware\arc32\1.0.4\variants\arduino_101\libarc32drv_arduino101.a(ipc_callback.o)
 .debug_abbrev  0x00001b84      0x1a0 C:\Users\lhk\AppData\Local\arduino15\packages\Intel\hardware\arc32\1.0.4\variants\arduino_101\libarc32drv_arduino101.a(log.o)
 .debug_abbrev  0x00001d24       0xe6 C:\Users\lhk\AppData\Local\arduino15\packages\Intel\hardware\arc32\1.0.4\variants\arduino_101\libarc32drv_arduino101.a(log_impl_printk.o)
 .debug_abbrev  0x00001e0a      0x36d C:\Users\lhk\AppData\Local\arduino15\packages\Intel\hardware\arc32\1.0.4\variants\arduino_101\libarc32drv_arduino101.a(port.o)
 .debug_abbrev  0x00002177       0x7f C:\Users\lhk\AppData\Local\arduino15\packages\Intel\hardware\arc32\1.0.4\variants\arduino_101\libarc32drv_arduino101.a(uptime.o)
 .debug_abbrev  0x000021f6      0x1c1 C:\Users\lhk\AppData\Local\arduino15\packages\Intel\hardware\arc32\1.0.4\variants\arduino_101\libarc32drv_arduino101.a(list.o)
 .debug_abbrev  0x000023b7      0x2a6 C:\Users\lhk\AppData\Local\arduino15\packages\Intel\hardware\arc32\1.0.4\variants\arduino_101\libarc32drv_arduino101.a(os.o)
 .debug_abbrev  0x0000265d       0x14 C:\Users\lhk\AppData\Local\arduino15\packages\Intel\hardware\arc32\1.0.4\variants\arduino_101\libarc32drv_arduino101.a(init.o)
 .debug_abbrev  0x00002671       0x14 c:/users/lhk/appdata/local/arduino15/packages/intel/tools/arc-elf32/1.6.4+1.0/bin/../lib/gcc/arc-elf32/4.8.3\libgcc.a(_udivsi3.o)
 .debug_abbrev  0x00002685       0x14 c:/users/lhk/appdata/local/arduino15/packages/intel/tools/arc-elf32/1.6.4+1.0/bin/../lib/gcc/arc-elf32/4.8.3\libgcc.a(_umodsi3.o)
 .debug_abbrev  0x00002699       0x14 c:/users/lhk/appdata/local/arduino15/packages/intel/tools/arc-elf32/1.6.4+1.0/bin/../lib/gcc/arc-elf32/4.8.3\libgcc.a(_divmod_tools.o)
 .debug_abbrev  0x000026ad       0x14 c:/users/lhk/appdata/local/arduino15/packages/intel/tools/arc-elf32/1.6.4+1.0/bin/../lib/gcc/arc-elf32/4.8.3\libgcc.a(_millicodethunk_st.o)
 .debug_abbrev  0x000026c1       0x14 c:/users/lhk/appdata/local/arduino15/packages/intel/tools/arc-elf32/1.6.4+1.0/bin/../lib/gcc/arc-elf32/4.8.3\libgcc.a(_millicodethunk_ld.o)
 .debug_abbrev  0x000026d5       0x14 c:/users/lhk/appdata/local/arduino15/packages/intel/tools/arc-elf32/1.6.4+1.0/bin/../lib/gcc/arc-elf32/4.8.3\libgcc.a(_millicodethunk_ret.o)
 .debug_abbrev  0x000026e9      0x257 C:\Users\lhk\AppData\Local\V.Micro\Arduino\Builds\Blink1\Intel_intel_arc32_arduino_101\Blink1.cpp.o
 .debug_abbrev  0x00002940      0x432 C:\Users\lhk\AppData\Local\V.Micro\Arduino\Builds\Blink1\Intel_intel_arc32_arduino_101\VM_DBG\VM_DBG.cpp.o
 .debug_abbrev  0x00002d72      0x1e0 C:\Users\lhk\AppData\Local\V.Micro\Arduino\Builds\Blink1\Intel_intel_arc32_arduino_101/core.a(wiring.c.o)
 .debug_abbrev  0x00002f52      0x1a6 C:\Users\lhk\AppData\Local\V.Micro\Arduino\Builds\Blink1\Intel_intel_arc32_arduino_101/core.a(wiring_digital.c.o)
 .debug_abbrev  0x000030f8       0xfb C:\Users\lhk\AppData\Local\V.Micro\Arduino\Builds\Blink1\Intel_intel_arc32_arduino_101/core.a(main.cpp.o)
 .debug_abbrev  0x000031f3      0x4cc C:\Users\lhk\AppData\Local\V.Micro\Arduino\Builds\Blink1\Intel_intel_arc32_arduino_101/core.a(Print.cpp.o)
 .debug_abbrev  0x000036bf      0x39f C:\Users\lhk\AppData\Local\V.Micro\Arduino\Builds\Blink1\Intel_intel_arc32_arduino_101/core.a(variant.cpp.o)
 .debug_abbrev  0x00003a5e       0x47 C:\Users\lhk\AppData\Local\V.Micro\Arduino\Builds\Blink1\Intel_intel_arc32_arduino_101/core.a(hooks.c.o)
 .debug_abbrev  0x00003aa5      0x482 C:\Users\lhk\AppData\Local\V.Micro\Arduino\Builds\Blink1\Intel_intel_arc32_arduino_101/core.a(CDCSerialClass.cpp.o)
 .debug_abbrev  0x00003f27      0x18f C:\Users\lhk\AppData\Local\V.Micro\Arduino\Builds\Blink1\Intel_intel_arc32_arduino_101/core.a(RingBuffer.cpp.o)
 .debug_abbrev  0x000040b6      0x4ce C:\Users\lhk\AppData\Local\V.Micro\Arduino\Builds\Blink1\Intel_intel_arc32_arduino_101/core.a(UARTClass.cpp.o)
 .debug_abbrev  0x00004584      0x184 c:/users/lhk/appdata/local/arduino15/packages/intel/tools/arc-elf32/1.6.4+1.0/bin/../lib/gcc/arc-elf32/4.8.3\libgcc.a(_udivdi3.o)
 .debug_abbrev  0x00004708       0x5d c:/users/lhk/appdata/local/arduino15/packages/intel/tools/arc-elf32/1.6.4+1.0/bin/../lib/gcc/arc-elf32/4.8.3\libgcc.a(_clz.o)

.debug_loc      0x00000000     0x7166
 .debug_loc     0x00000000       0x45 C:\Users\lhk\AppData\Local\arduino15\packages\Intel\hardware\arc32\1.0.4\variants\arduino_101\libarc32drv_arduino101.a(c_init.o)
 .debug_loc     0x00000045       0xab C:\Users\lhk\AppData\Local\arduino15\packages\Intel\hardware\arc32\1.0.4\variants\arduino_101\libarc32drv_arduino101.a(interrupt.o)
 .debug_loc     0x000000f0      0x44b C:\Users\lhk\AppData\Local\arduino15\packages\Intel\hardware\arc32\1.0.4\variants\arduino_101\libarc32drv_arduino101.a(ipc_uart_ns16550.o)
 .debug_loc     0x0000053b      0x8e6 C:\Users\lhk\AppData\Local\arduino15\packages\Intel\hardware\arc32\1.0.4\variants\arduino_101\libarc32drv_arduino101.a(ns16550.o)
 .debug_loc     0x00000e21       0x58 C:\Users\lhk\AppData\Local\arduino15\packages\Intel\hardware\arc32\1.0.4\variants\arduino_101\libarc32drv_arduino101.a(cfw_platform.o)
 .debug_loc     0x00000e79      0x386 C:\Users\lhk\AppData\Local\arduino15\packages\Intel\hardware\arc32\1.0.4\variants\arduino_101\libarc32drv_arduino101.a(nordic_interface.o)
 .debug_loc     0x000011ff      0x312 C:\Users\lhk\AppData\Local\arduino15\packages\Intel\hardware\arc32\1.0.4\variants\arduino_101\libarc32drv_arduino101.a(client_api.o)
 .debug_loc     0x00001511      0x4ec C:\Users\lhk\AppData\Local\arduino15\packages\Intel\hardware\arc32\1.0.4\variants\arduino_101\libarc32drv_arduino101.a(service_api.o)
 .debug_loc     0x000019fd      0xb4d C:\Users\lhk\AppData\Local\arduino15\packages\Intel\hardware\arc32\1.0.4\variants\arduino_101\libarc32drv_arduino101.a(service_manager.o)
 .debug_loc     0x0000254a      0x2de C:\Users\lhk\AppData\Local\arduino15\packages\Intel\hardware\arc32\1.0.4\variants\arduino_101\libarc32drv_arduino101.a(ipc.o)
 .debug_loc     0x00002828      0x203 C:\Users\lhk\AppData\Local\arduino15\packages\Intel\hardware\arc32\1.0.4\variants\arduino_101\libarc32drv_arduino101.a(ipc_callback.o)
 .debug_loc     0x00002a2b      0x23f C:\Users\lhk\AppData\Local\arduino15\packages\Intel\hardware\arc32\1.0.4\variants\arduino_101\libarc32drv_arduino101.a(log.o)
 .debug_loc     0x00002c6a       0x21 C:\Users\lhk\AppData\Local\arduino15\packages\Intel\hardware\arc32\1.0.4\variants\arduino_101\libarc32drv_arduino101.a(log_impl_printk.o)
 .debug_loc     0x00002c8b      0x499 C:\Users\lhk\AppData\Local\arduino15\packages\Intel\hardware\arc32\1.0.4\variants\arduino_101\libarc32drv_arduino101.a(port.o)
 .debug_loc     0x00003124      0x279 C:\Users\lhk\AppData\Local\arduino15\packages\Intel\hardware\arc32\1.0.4\variants\arduino_101\libarc32drv_arduino101.a(list.o)
 .debug_loc     0x0000339d      0x410 C:\Users\lhk\AppData\Local\arduino15\packages\Intel\hardware\arc32\1.0.4\variants\arduino_101\libarc32drv_arduino101.a(os.o)
 .debug_loc     0x000037ad      0xa82 C:\Users\lhk\AppData\Local\V.Micro\Arduino\Builds\Blink1\Intel_intel_arc32_arduino_101\VM_DBG\VM_DBG.cpp.o
 .debug_loc     0x0000422f      0x128 C:\Users\lhk\AppData\Local\V.Micro\Arduino\Builds\Blink1\Intel_intel_arc32_arduino_101/core.a(wiring.c.o)
 .debug_loc     0x00004357      0x1ef C:\Users\lhk\AppData\Local\V.Micro\Arduino\Builds\Blink1\Intel_intel_arc32_arduino_101/core.a(wiring_digital.c.o)
 .debug_loc     0x00004546     0x15ff C:\Users\lhk\AppData\Local\V.Micro\Arduino\Builds\Blink1\Intel_intel_arc32_arduino_101/core.a(Print.cpp.o)
 .debug_loc     0x00005b45      0x131 C:\Users\lhk\AppData\Local\V.Micro\Arduino\Builds\Blink1\Intel_intel_arc32_arduino_101/core.a(variant.cpp.o)
 .debug_loc     0x00005c76      0x3a0 C:\Users\lhk\AppData\Local\V.Micro\Arduino\Builds\Blink1\Intel_intel_arc32_arduino_101/core.a(CDCSerialClass.cpp.o)
 .debug_loc     0x00006016       0x4d C:\Users\lhk\AppData\Local\V.Micro\Arduino\Builds\Blink1\Intel_intel_arc32_arduino_101/core.a(RingBuffer.cpp.o)
 .debug_loc     0x00006063      0x414 C:\Users\lhk\AppData\Local\V.Micro\Arduino\Builds\Blink1\Intel_intel_arc32_arduino_101/core.a(UARTClass.cpp.o)
 .debug_loc     0x00006477      0xcef c:/users/lhk/appdata/local/arduino15/packages/intel/tools/arc-elf32/1.6.4+1.0/bin/../lib/gcc/arc-elf32/4.8.3\libgcc.a(_udivdi3.o)

.debug_aranges  0x00000000      0xca8
 .debug_aranges
                0x00000000       0x20 C:\Users\lhk\AppData\Local\arduino15\packages\Intel\hardware\arc32\1.0.4\variants\arduino_101\libarc32drv_arduino101.a(c_init.o)
 .debug_aranges
                0x00000020       0x50 C:\Users\lhk\AppData\Local\arduino15\packages\Intel\hardware\arc32\1.0.4\variants\arduino_101\libarc32drv_arduino101.a(interrupt.o)
 .debug_aranges
                0x00000070       0x18 C:\Users\lhk\AppData\Local\arduino15\packages\Intel\hardware\arc32\1.0.4\variants\arduino_101\libarc32drv_arduino101.a(version.o)
 .debug_aranges
                0x00000088       0x28 C:\Users\lhk\AppData\Local\arduino15\packages\Intel\hardware\arc32\1.0.4\variants\arduino_101\libarc32drv_arduino101.a(arcv2_timer0.o)
 .debug_aranges
                0x000000b0       0x68 C:\Users\lhk\AppData\Local\arduino15\packages\Intel\hardware\arc32\1.0.4\variants\arduino_101\libarc32drv_arduino101.a(ipc_uart_ns16550.o)
 .debug_aranges
                0x00000118       0xc0 C:\Users\lhk\AppData\Local\arduino15\packages\Intel\hardware\arc32\1.0.4\variants\arduino_101\libarc32drv_arduino101.a(ns16550.o)
 .debug_aranges
                0x000001d8       0x48 C:\Users\lhk\AppData\Local\arduino15\packages\Intel\hardware\arc32\1.0.4\variants\arduino_101\libarc32drv_arduino101.a(cfw_platform.o)
 .debug_aranges
                0x00000220       0x48 C:\Users\lhk\AppData\Local\arduino15\packages\Intel\hardware\arc32\1.0.4\variants\arduino_101\libarc32drv_arduino101.a(nordic_interface.o)
 .debug_aranges
                0x00000268       0x48 C:\Users\lhk\AppData\Local\arduino15\packages\Intel\hardware\arc32\1.0.4\variants\arduino_101\libarc32drv_arduino101.a(client_api.o)
 .debug_aranges
                0x000002b0       0x78 C:\Users\lhk\AppData\Local\arduino15\packages\Intel\hardware\arc32\1.0.4\variants\arduino_101\libarc32drv_arduino101.a(service_api.o)
 .debug_aranges
                0x00000328       0xc0 C:\Users\lhk\AppData\Local\arduino15\packages\Intel\hardware\arc32\1.0.4\variants\arduino_101\libarc32drv_arduino101.a(service_manager.o)
 .debug_aranges
                0x000003e8       0x58 C:\Users\lhk\AppData\Local\arduino15\packages\Intel\hardware\arc32\1.0.4\variants\arduino_101\libarc32drv_arduino101.a(ipc.o)
 .debug_aranges
                0x00000440       0x20 C:\Users\lhk\AppData\Local\arduino15\packages\Intel\hardware\arc32\1.0.4\variants\arduino_101\libarc32drv_arduino101.a(ipc_callback.o)
 .debug_aranges
                0x00000460       0x70 C:\Users\lhk\AppData\Local\arduino15\packages\Intel\hardware\arc32\1.0.4\variants\arduino_101\libarc32drv_arduino101.a(log.o)
 .debug_aranges
                0x000004d0       0x38 C:\Users\lhk\AppData\Local\arduino15\packages\Intel\hardware\arc32\1.0.4\variants\arduino_101\libarc32drv_arduino101.a(log_impl_printk.o)
 .debug_aranges
                0x00000508       0xa8 C:\Users\lhk\AppData\Local\arduino15\packages\Intel\hardware\arc32\1.0.4\variants\arduino_101\libarc32drv_arduino101.a(port.o)
 .debug_aranges
                0x000005b0       0x28 C:\Users\lhk\AppData\Local\arduino15\packages\Intel\hardware\arc32\1.0.4\variants\arduino_101\libarc32drv_arduino101.a(uptime.o)
 .debug_aranges
                0x000005d8       0x60 C:\Users\lhk\AppData\Local\arduino15\packages\Intel\hardware\arc32\1.0.4\variants\arduino_101\libarc32drv_arduino101.a(list.o)
 .debug_aranges
                0x00000638       0x88 C:\Users\lhk\AppData\Local\arduino15\packages\Intel\hardware\arc32\1.0.4\variants\arduino_101\libarc32drv_arduino101.a(os.o)
 .debug_aranges
                0x000006c0       0x20 C:\Users\lhk\AppData\Local\arduino15\packages\Intel\hardware\arc32\1.0.4\variants\arduino_101\libarc32drv_arduino101.a(init.o)
 .debug_aranges
                0x000006e0       0x20 c:/users/lhk/appdata/local/arduino15/packages/intel/tools/arc-elf32/1.6.4+1.0/bin/../lib/gcc/arc-elf32/4.8.3\libgcc.a(_udivsi3.o)
 .debug_aranges
                0x00000700       0x20 c:/users/lhk/appdata/local/arduino15/packages/intel/tools/arc-elf32/1.6.4+1.0/bin/../lib/gcc/arc-elf32/4.8.3\libgcc.a(_umodsi3.o)
 .debug_aranges
                0x00000720       0x20 c:/users/lhk/appdata/local/arduino15/packages/intel/tools/arc-elf32/1.6.4+1.0/bin/../lib/gcc/arc-elf32/4.8.3\libgcc.a(_divmod_tools.o)
 .debug_aranges
                0x00000740       0x20 c:/users/lhk/appdata/local/arduino15/packages/intel/tools/arc-elf32/1.6.4+1.0/bin/../lib/gcc/arc-elf32/4.8.3\libgcc.a(_millicodethunk_st.o)
 .debug_aranges
                0x00000760       0x20 c:/users/lhk/appdata/local/arduino15/packages/intel/tools/arc-elf32/1.6.4+1.0/bin/../lib/gcc/arc-elf32/4.8.3\libgcc.a(_millicodethunk_ld.o)
 .debug_aranges
                0x00000780       0x20 c:/users/lhk/appdata/local/arduino15/packages/intel/tools/arc-elf32/1.6.4+1.0/bin/../lib/gcc/arc-elf32/4.8.3\libgcc.a(_millicodethunk_ret.o)
 .debug_aranges
                0x000007a0       0x28 C:\Users\lhk\AppData\Local\V.Micro\Arduino\Builds\Blink1\Intel_intel_arc32_arduino_101\Blink1.cpp.o
 .debug_aranges
                0x000007c8      0x120 C:\Users\lhk\AppData\Local\V.Micro\Arduino\Builds\Blink1\Intel_intel_arc32_arduino_101\VM_DBG\VM_DBG.cpp.o
 .debug_aranges
                0x000008e8       0x30 C:\Users\lhk\AppData\Local\V.Micro\Arduino\Builds\Blink1\Intel_intel_arc32_arduino_101/core.a(wiring.c.o)
 .debug_aranges
                0x00000918       0x30 C:\Users\lhk\AppData\Local\V.Micro\Arduino\Builds\Blink1\Intel_intel_arc32_arduino_101/core.a(wiring_digital.c.o)
 .debug_aranges
                0x00000948       0x28 C:\Users\lhk\AppData\Local\V.Micro\Arduino\Builds\Blink1\Intel_intel_arc32_arduino_101/core.a(main.cpp.o)
 .debug_aranges
                0x00000970      0x118 C:\Users\lhk\AppData\Local\V.Micro\Arduino\Builds\Blink1\Intel_intel_arc32_arduino_101/core.a(Print.cpp.o)
 .debug_aranges
                0x00000a88       0x70 C:\Users\lhk\AppData\Local\V.Micro\Arduino\Builds\Blink1\Intel_intel_arc32_arduino_101/core.a(variant.cpp.o)
 .debug_aranges
                0x00000af8       0x30 C:\Users\lhk\AppData\Local\V.Micro\Arduino\Builds\Blink1\Intel_intel_arc32_arduino_101/core.a(hooks.c.o)
 .debug_aranges
                0x00000b28       0x80 C:\Users\lhk\AppData\Local\V.Micro\Arduino\Builds\Blink1\Intel_intel_arc32_arduino_101/core.a(CDCSerialClass.cpp.o)
 .debug_aranges
                0x00000ba8       0x28 C:\Users\lhk\AppData\Local\V.Micro\Arduino\Builds\Blink1\Intel_intel_arc32_arduino_101/core.a(RingBuffer.cpp.o)
 .debug_aranges
                0x00000bd0       0xa0 C:\Users\lhk\AppData\Local\V.Micro\Arduino\Builds\Blink1\Intel_intel_arc32_arduino_101/core.a(UARTClass.cpp.o)
 .debug_aranges
                0x00000c70       0x20 c:/users/lhk/appdata/local/arduino15/packages/intel/tools/arc-elf32/1.6.4+1.0/bin/../lib/gcc/arc-elf32/4.8.3\libgcc.a(_udivdi3.o)
 .debug_aranges
                0x00000c90       0x18 c:/users/lhk/appdata/local/arduino15/packages/intel/tools/arc-elf32/1.6.4+1.0/bin/../lib/gcc/arc-elf32/4.8.3\libgcc.a(_clz.o)

.debug_ranges   0x00000000     0x1070
 .debug_ranges  0x00000000       0x10 C:\Users\lhk\AppData\Local\arduino15\packages\Intel\hardware\arc32\1.0.4\variants\arduino_101\libarc32drv_arduino101.a(c_init.o)
 .debug_ranges  0x00000010       0x40 C:\Users\lhk\AppData\Local\arduino15\packages\Intel\hardware\arc32\1.0.4\variants\arduino_101\libarc32drv_arduino101.a(interrupt.o)
 .debug_ranges  0x00000050       0x18 C:\Users\lhk\AppData\Local\arduino15\packages\Intel\hardware\arc32\1.0.4\variants\arduino_101\libarc32drv_arduino101.a(arcv2_timer0.o)
 .debug_ranges  0x00000068       0x70 C:\Users\lhk\AppData\Local\arduino15\packages\Intel\hardware\arc32\1.0.4\variants\arduino_101\libarc32drv_arduino101.a(ipc_uart_ns16550.o)
 .debug_ranges  0x000000d8      0x110 C:\Users\lhk\AppData\Local\arduino15\packages\Intel\hardware\arc32\1.0.4\variants\arduino_101\libarc32drv_arduino101.a(ns16550.o)
 .debug_ranges  0x000001e8       0x38 C:\Users\lhk\AppData\Local\arduino15\packages\Intel\hardware\arc32\1.0.4\variants\arduino_101\libarc32drv_arduino101.a(cfw_platform.o)
 .debug_ranges  0x00000220       0x38 C:\Users\lhk\AppData\Local\arduino15\packages\Intel\hardware\arc32\1.0.4\variants\arduino_101\libarc32drv_arduino101.a(nordic_interface.o)
 .debug_ranges  0x00000258       0x38 C:\Users\lhk\AppData\Local\arduino15\packages\Intel\hardware\arc32\1.0.4\variants\arduino_101\libarc32drv_arduino101.a(client_api.o)
 .debug_ranges  0x00000290       0x68 C:\Users\lhk\AppData\Local\arduino15\packages\Intel\hardware\arc32\1.0.4\variants\arduino_101\libarc32drv_arduino101.a(service_api.o)
 .debug_ranges  0x000002f8       0xd0 C:\Users\lhk\AppData\Local\arduino15\packages\Intel\hardware\arc32\1.0.4\variants\arduino_101\libarc32drv_arduino101.a(service_manager.o)
 .debug_ranges  0x000003c8       0x48 C:\Users\lhk\AppData\Local\arduino15\packages\Intel\hardware\arc32\1.0.4\variants\arduino_101\libarc32drv_arduino101.a(ipc.o)
 .debug_ranges  0x00000410       0x10 C:\Users\lhk\AppData\Local\arduino15\packages\Intel\hardware\arc32\1.0.4\variants\arduino_101\libarc32drv_arduino101.a(ipc_callback.o)
 .debug_ranges  0x00000420       0x60 C:\Users\lhk\AppData\Local\arduino15\packages\Intel\hardware\arc32\1.0.4\variants\arduino_101\libarc32drv_arduino101.a(log.o)
 .debug_ranges  0x00000480       0x28 C:\Users\lhk\AppData\Local\arduino15\packages\Intel\hardware\arc32\1.0.4\variants\arduino_101\libarc32drv_arduino101.a(log_impl_printk.o)
 .debug_ranges  0x000004a8       0x98 C:\Users\lhk\AppData\Local\arduino15\packages\Intel\hardware\arc32\1.0.4\variants\arduino_101\libarc32drv_arduino101.a(port.o)
 .debug_ranges  0x00000540       0x18 C:\Users\lhk\AppData\Local\arduino15\packages\Intel\hardware\arc32\1.0.4\variants\arduino_101\libarc32drv_arduino101.a(uptime.o)
 .debug_ranges  0x00000558       0x68 C:\Users\lhk\AppData\Local\arduino15\packages\Intel\hardware\arc32\1.0.4\variants\arduino_101\libarc32drv_arduino101.a(list.o)
 .debug_ranges  0x000005c0       0x78 C:\Users\lhk\AppData\Local\arduino15\packages\Intel\hardware\arc32\1.0.4\variants\arduino_101\libarc32drv_arduino101.a(os.o)
 .debug_ranges  0x00000638       0x18 C:\Users\lhk\AppData\Local\V.Micro\Arduino\Builds\Blink1\Intel_intel_arc32_arduino_101\Blink1.cpp.o
 .debug_ranges  0x00000650      0x1f8 C:\Users\lhk\AppData\Local\V.Micro\Arduino\Builds\Blink1\Intel_intel_arc32_arduino_101\VM_DBG\VM_DBG.cpp.o
 .debug_ranges  0x00000848       0x38 C:\Users\lhk\AppData\Local\V.Micro\Arduino\Builds\Blink1\Intel_intel_arc32_arduino_101/core.a(wiring.c.o)
 .debug_ranges  0x00000880       0x50 C:\Users\lhk\AppData\Local\V.Micro\Arduino\Builds\Blink1\Intel_intel_arc32_arduino_101/core.a(wiring_digital.c.o)
 .debug_ranges  0x000008d0       0x18 C:\Users\lhk\AppData\Local\V.Micro\Arduino\Builds\Blink1\Intel_intel_arc32_arduino_101/core.a(main.cpp.o)
 .debug_ranges  0x000008e8      0x260 C:\Users\lhk\AppData\Local\V.Micro\Arduino\Builds\Blink1\Intel_intel_arc32_arduino_101/core.a(Print.cpp.o)
 .debug_ranges  0x00000b48       0xb0 C:\Users\lhk\AppData\Local\V.Micro\Arduino\Builds\Blink1\Intel_intel_arc32_arduino_101/core.a(variant.cpp.o)
 .debug_ranges  0x00000bf8       0x20 C:\Users\lhk\AppData\Local\V.Micro\Arduino\Builds\Blink1\Intel_intel_arc32_arduino_101/core.a(hooks.c.o)
 .debug_ranges  0x00000c18      0x140 C:\Users\lhk\AppData\Local\V.Micro\Arduino\Builds\Blink1\Intel_intel_arc32_arduino_101/core.a(CDCSerialClass.cpp.o)
 .debug_ranges  0x00000d58       0x40 C:\Users\lhk\AppData\Local\V.Micro\Arduino\Builds\Blink1\Intel_intel_arc32_arduino_101/core.a(RingBuffer.cpp.o)
 .debug_ranges  0x00000d98      0x188 C:\Users\lhk\AppData\Local\V.Micro\Arduino\Builds\Blink1\Intel_intel_arc32_arduino_101/core.a(UARTClass.cpp.o)
 .debug_ranges  0x00000f20      0x150 c:/users/lhk/appdata/local/arduino15/packages/intel/tools/arc-elf32/1.6.4+1.0/bin/../lib/gcc/arc-elf32/4.8.3\libgcc.a(_udivdi3.o)

.debug_line     0x00000000     0x5843
 .debug_line    0x00000000      0x12d C:\Users\lhk\AppData\Local\arduino15\packages\Intel\hardware\arc32\1.0.4\variants\arduino_101\libarc32drv_arduino101.a(c_init.o)
 .debug_line    0x0000012d      0x165 C:\Users\lhk\AppData\Local\arduino15\packages\Intel\hardware\arc32\1.0.4\variants\arduino_101\libarc32drv_arduino101.a(interrupt.o)
 .debug_line    0x00000292       0xdd C:\Users\lhk\AppData\Local\arduino15\packages\Intel\hardware\arc32\1.0.4\variants\arduino_101\libarc32drv_arduino101.a(version.o)
 .debug_line    0x0000036f      0x104 C:\Users\lhk\AppData\Local\arduino15\packages\Intel\hardware\arc32\1.0.4\variants\arduino_101\libarc32drv_arduino101.a(arcv2_timer0.o)
 .debug_line    0x00000473      0x34d C:\Users\lhk\AppData\Local\arduino15\packages\Intel\hardware\arc32\1.0.4\variants\arduino_101\libarc32drv_arduino101.a(ipc_uart_ns16550.o)
 .debug_line    0x000007c0      0x409 C:\Users\lhk\AppData\Local\arduino15\packages\Intel\hardware\arc32\1.0.4\variants\arduino_101\libarc32drv_arduino101.a(ns16550.o)
 .debug_line    0x00000bc9      0x269 C:\Users\lhk\AppData\Local\arduino15\packages\Intel\hardware\arc32\1.0.4\variants\arduino_101\libarc32drv_arduino101.a(cfw_platform.o)
 .debug_line    0x00000e32      0x2da C:\Users\lhk\AppData\Local\arduino15\packages\Intel\hardware\arc32\1.0.4\variants\arduino_101\libarc32drv_arduino101.a(nordic_interface.o)
 .debug_line    0x0000110c      0x25e C:\Users\lhk\AppData\Local\arduino15\packages\Intel\hardware\arc32\1.0.4\variants\arduino_101\libarc32drv_arduino101.a(client_api.o)
 .debug_line    0x0000136a      0x330 C:\Users\lhk\AppData\Local\arduino15\packages\Intel\hardware\arc32\1.0.4\variants\arduino_101\libarc32drv_arduino101.a(service_api.o)
 .debug_line    0x0000169a      0x486 C:\Users\lhk\AppData\Local\arduino15\packages\Intel\hardware\arc32\1.0.4\variants\arduino_101\libarc32drv_arduino101.a(service_manager.o)
 .debug_line    0x00001b20      0x265 C:\Users\lhk\AppData\Local\arduino15\packages\Intel\hardware\arc32\1.0.4\variants\arduino_101\libarc32drv_arduino101.a(ipc.o)
 .debug_line    0x00001d85      0x15c C:\Users\lhk\AppData\Local\arduino15\packages\Intel\hardware\arc32\1.0.4\variants\arduino_101\libarc32drv_arduino101.a(ipc_callback.o)
 .debug_line    0x00001ee1      0x20a C:\Users\lhk\AppData\Local\arduino15\packages\Intel\hardware\arc32\1.0.4\variants\arduino_101\libarc32drv_arduino101.a(log.o)
 .debug_line    0x000020eb      0x140 C:\Users\lhk\AppData\Local\arduino15\packages\Intel\hardware\arc32\1.0.4\variants\arduino_101\libarc32drv_arduino101.a(log_impl_printk.o)
 .debug_line    0x0000222b      0x31e C:\Users\lhk\AppData\Local\arduino15\packages\Intel\hardware\arc32\1.0.4\variants\arduino_101\libarc32drv_arduino101.a(port.o)
 .debug_line    0x00002549       0xe7 C:\Users\lhk\AppData\Local\arduino15\packages\Intel\hardware\arc32\1.0.4\variants\arduino_101\libarc32drv_arduino101.a(uptime.o)
 .debug_line    0x00002630      0x234 C:\Users\lhk\AppData\Local\arduino15\packages\Intel\hardware\arc32\1.0.4\variants\arduino_101\libarc32drv_arduino101.a(list.o)
 .debug_line    0x00002864      0x299 C:\Users\lhk\AppData\Local\arduino15\packages\Intel\hardware\arc32\1.0.4\variants\arduino_101\libarc32drv_arduino101.a(os.o)
 .debug_line    0x00002afd       0x9b C:\Users\lhk\AppData\Local\arduino15\packages\Intel\hardware\arc32\1.0.4\variants\arduino_101\libarc32drv_arduino101.a(init.o)
 .debug_line    0x00002b98       0x86 c:/users/lhk/appdata/local/arduino15/packages/intel/tools/arc-elf32/1.6.4+1.0/bin/../lib/gcc/arc-elf32/4.8.3\libgcc.a(_udivsi3.o)
 .debug_line    0x00002c1e       0x89 c:/users/lhk/appdata/local/arduino15/packages/intel/tools/arc-elf32/1.6.4+1.0/bin/../lib/gcc/arc-elf32/4.8.3\libgcc.a(_umodsi3.o)
 .debug_line    0x00002ca7       0xab c:/users/lhk/appdata/local/arduino15/packages/intel/tools/arc-elf32/1.6.4+1.0/bin/../lib/gcc/arc-elf32/4.8.3\libgcc.a(_divmod_tools.o)
 .debug_line    0x00002d52       0x93 c:/users/lhk/appdata/local/arduino15/packages/intel/tools/arc-elf32/1.6.4+1.0/bin/../lib/gcc/arc-elf32/4.8.3\libgcc.a(_millicodethunk_st.o)
 .debug_line    0x00002de5       0x93 c:/users/lhk/appdata/local/arduino15/packages/intel/tools/arc-elf32/1.6.4+1.0/bin/../lib/gcc/arc-elf32/4.8.3\libgcc.a(_millicodethunk_ld.o)
 .debug_line    0x00002e78       0x95 c:/users/lhk/appdata/local/arduino15/packages/intel/tools/arc-elf32/1.6.4+1.0/bin/../lib/gcc/arc-elf32/4.8.3\libgcc.a(_millicodethunk_ret.o)
 .debug_line    0x00002f0d      0x320 C:\Users\lhk\AppData\Local\V.Micro\Arduino\Builds\Blink1\Intel_intel_arc32_arduino_101\Blink1.cpp.o
 .debug_line    0x0000322d      0x5fc C:\Users\lhk\AppData\Local\V.Micro\Arduino\Builds\Blink1\Intel_intel_arc32_arduino_101\VM_DBG\VM_DBG.cpp.o
 .debug_line    0x00003829      0x319 C:\Users\lhk\AppData\Local\V.Micro\Arduino\Builds\Blink1\Intel_intel_arc32_arduino_101/core.a(wiring.c.o)
 .debug_line    0x00003b42      0x2bb C:\Users\lhk\AppData\Local\V.Micro\Arduino\Builds\Blink1\Intel_intel_arc32_arduino_101/core.a(wiring_digital.c.o)
 .debug_line    0x00003dfd      0x1bd C:\Users\lhk\AppData\Local\V.Micro\Arduino\Builds\Blink1\Intel_intel_arc32_arduino_101/core.a(main.cpp.o)
 .debug_line    0x00003fba      0x5f6 C:\Users\lhk\AppData\Local\V.Micro\Arduino\Builds\Blink1\Intel_intel_arc32_arduino_101/core.a(Print.cpp.o)
 .debug_line    0x000045b0      0x50e C:\Users\lhk\AppData\Local\V.Micro\Arduino\Builds\Blink1\Intel_intel_arc32_arduino_101/core.a(variant.cpp.o)
 .debug_line    0x00004abe       0xae C:\Users\lhk\AppData\Local\V.Micro\Arduino\Builds\Blink1\Intel_intel_arc32_arduino_101/core.a(hooks.c.o)
 .debug_line    0x00004b6c      0x50e C:\Users\lhk\AppData\Local\V.Micro\Arduino\Builds\Blink1\Intel_intel_arc32_arduino_101/core.a(CDCSerialClass.cpp.o)
 .debug_line    0x0000507a      0x1c9 C:\Users\lhk\AppData\Local\V.Micro\Arduino\Builds\Blink1\Intel_intel_arc32_arduino_101/core.a(RingBuffer.cpp.o)
 .debug_line    0x00005243      0x47a C:\Users\lhk\AppData\Local\V.Micro\Arduino\Builds\Blink1\Intel_intel_arc32_arduino_101/core.a(UARTClass.cpp.o)
 .debug_line    0x000056bd      0x110 c:/users/lhk/appdata/local/arduino15/packages/intel/tools/arc-elf32/1.6.4+1.0/bin/../lib/gcc/arc-elf32/4.8.3\libgcc.a(_udivdi3.o)
 .debug_line    0x000057cd       0x76 c:/users/lhk/appdata/local/arduino15/packages/intel/tools/arc-elf32/1.6.4+1.0/bin/../lib/gcc/arc-elf32/4.8.3\libgcc.a(_clz.o)

.debug_str      0x00000000     0x4e51
 .debug_str     0x00000000      0x260 C:\Users\lhk\AppData\Local\arduino15\packages\Intel\hardware\arc32\1.0.4\variants\arduino_101\libarc32drv_arduino101.a(c_init.o)
                                0x29e (size before relaxing)